json found in /home/j60100428/ops-transformer_0319/third_party/json, and not force rebuild cann third_party
GTEST_INSTALL_PATH=/home/j60100428/ops-transformer_0319/third_party/gtest
gtest found:TRUE
gtest found in /home/j60100428/ops-transformer_0319/third_party/gtest, and not force rebuild cann third_party
[2026-03-19 16:58:38] Warning: The current environment is configured for ascend910b, Please use Atlas A2 series hardware for optimal performance.
[2026-03-19 16:58:39] ----------------------------------------------------------------
[2026-03-19 16:58:39] Start to build ut
[2026-03-19 16:58:39] -- The C compiler identification is GNU 9.4.0
[2026-03-19 16:58:39] -- The CXX compiler identification is GNU 9.4.0
[2026-03-19 16:58:39] -- Detecting C compiler ABI info
[2026-03-19 16:58:39] -- Detecting C compiler ABI info - done
[2026-03-19 16:58:39] -- Check for working C compiler: /usr/bin/cc - skipped
[2026-03-19 16:58:39] -- Detecting C compile features
[2026-03-19 16:58:39] -- Detecting C compile features - done
[2026-03-19 16:58:39] -- Detecting CXX compiler ABI info
[2026-03-19 16:58:39] -- Detecting CXX compiler ABI info - done
[2026-03-19 16:58:39] -- Check for working CXX compiler: /usr/bin/c++ - skipped
[2026-03-19 16:58:39] -- Detecting CXX compile features
[2026-03-19 16:58:39] -- Detecting CXX compile features - done
[2026-03-19 16:58:39] -- ASCEND_CANN_PACKAGE_PATH=/home/j60100428/Ascend_0319/cann-9.0.0
[2026-03-19 16:58:40] -- compile project with library
[2026-03-19 16:58:40] -- Find opbase source dir: /home/j60100428/ops-transformer_0319/third_party/opbase
[2026-03-19 16:58:40] -- Found Python3: /root/miniconda3/envs/jpy38/bin/python3.8 (found version "3.8.20") found components: Interpreter 
[2026-03-19 16:58:40] -- ENABLE_CCACHE=ON, CUSTOM_CCACHE=
[2026-03-19 16:58:40] -- CCACHE_PROGRAM=CCACHE_PROGRAM-NOTFOUND
[2026-03-19 16:58:40] -- ASCEND_COMPUTE_UNIT=ascend910b;
[2026-03-19 16:58:40] -- ASCEND_OP_NAME=flash_attention_score_grad
[2026-03-19 16:58:40] -- TILING_KEY=
[2026-03-19 16:58:40] -- TESTS_UT_OPS_TEST=flash_attention_score_grad
[2026-03-19 16:58:40] -- TESTS_EXAMPLE_OPS_TEST=
[2026-03-19 16:58:40] -- CMAKE_BUILD_TYPE=Debug
[2026-03-19 16:58:40] -- VERSION=
[2026-03-19 16:58:40] -- CMAKE_CXX_COMPILER_ID=GNU
[2026-03-19 16:58:40] -- Found json: /home/j60100428/ops-transformer_0319/third_party/json/include  
[2026-03-19 16:58:40] -- Found gtest: /home/j60100428/ops-transformer_0319/third_party/gtest/include  
[2026-03-19 16:58:40] -- Start building custom package.
[2026-03-19 16:58:40] -- Search libs under install path /home/j60100428/Ascend_0319/cann-9.0.0
[2026-03-19 16:58:40] -- CMAKE_MODULE_PATH            :/home/j60100428/ops-transformer_0319/cmake/modules;/home/j60100428/Ascend_0319/cann-9.0.0/include/ge/cmake
[2026-03-19 16:58:40] -- compile option:  -O0 -g -Wall -Wextra -Wshadow -Wformat=2 -fno-common -fPIC -Wformat-signedness -Wno-missing-include-dirs -Wno-write-strings
[2026-03-19 16:58:40] -- Found dlog: /home/j60100428/Ascend_0319/cann-9.0.0/pkg_inc/base  
[2026-03-19 16:58:40] -- Transformer Variables in dlog module:
[2026-03-19 16:58:40] -- dlog_TRANSFORMER_INCLUDE_DIR="/home/j60100428/Ascend_0319/cann-9.0.0/pkg_inc/base"
[2026-03-19 16:58:40] -- dlog_SHARED_LIBRARY="/home/j60100428/Ascend_0319/cann-9.0.0/lib64/libascendalog.so"
[2026-03-19 16:58:40] -- 
[2026-03-19 16:58:40]  Properties for TARGET dlog:
[2026-03-19 16:58:40]    dlog.INTERFACE_COMPILE_DEFINITIONS = "LOG_CPP;PROCESS_LOG"
[2026-03-19 16:58:40]    dlog.INTERFACE_LINK_LIBRARIES = "dlog_headers"
[2026-03-19 16:58:40]    dlog.IMPORTED_LOCATION = "/home/j60100428/Ascend_0319/cann-9.0.0/lib64/libascendalog.so"
[2026-03-19 16:58:40] 
[2026-03-19 16:58:40] -- 
[2026-03-19 16:58:40]  Properties for TARGET dlog_headers:
[2026-03-19 16:58:40]    dlog_headers.INTERFACE_INCLUDE_DIRECTORIES = "/home/j60100428/Ascend_0319/cann-9.0.0/pkg_inc/base"
[2026-03-19 16:58:40] 
[2026-03-19 16:58:40] -- Found securec: /home/j60100428/Ascend_0319/cann-9.0.0/include  
[2026-03-19 16:58:40] -- Found OPBASE: /home/j60100428/ops-transformer_0319/third_party/opbase/pkg_inc  
[2026-03-19 16:58:40] -- Found OPABSE include:/home/j60100428/ops-transformer_0319/third_party/opbase/pkg_inc
[2026-03-19 16:58:40] -- Found OPABSE lib:
[2026-03-19 16:58:40] -- Found platform: /home/j60100428/Ascend_0319/cann-9.0.0/include  
[2026-03-19 16:58:40] -- Found platform inThe eigen package needs to be downloaded.
clude:/home/j60100428/Ascend_0319/cann-9.0.0/x86_64-linux/include
[2026-03-19 16:58:40] -- Found register library:/home/j60100428/Ascend_0319/cann-9.0.0/x86_64-linux/lib64/libregister.so
[2026-03-19 16:58:40] -- Found opp_registry library:/home/j60100428/Ascend_0319/cann-9.0.0/x86_64-linux/lib64/libopp_registry.so
[2026-03-19 16:58:40] -- Found exe_graph library:/home/j60100428/Ascend_0319/cann-9.0.0/x86_64-linux/lib64/libexe_graph.so
[2026-03-19 16:58:40] -- Found graph_base library:/home/j60100428/Ascend_0319/cann-9.0.0/x86_64-linux/lib64/libgraph_base.so
[2026-03-19 16:58:40] -- Found error_manager library:/home/j60100428/Ascend_0319/cann-9.0.0/x86_64-linux/lib64/liberror_manager.so
[2026-03-19 16:58:40] -- Found metadef library:/home/j60100428/Ascend_0319/cann-9.0.0/x86_64-linux/lib64/libmetadef.so
[2026-03-19 16:58:40] -- Found rt2_registry library:/home/j60100428/Ascend_0319/cann-9.0.0/x86_64-linux/lib64/librt2_registry.a
[2026-03-19 16:58:40] -- Found metadef: /home/j60100428/Ascend_0319/cann-9.0.0/include  
[2026-03-19 16:58:40] -- Found source metadef include dir:  /home/j60100428/Ascend_0319/cann-9.0.0/x86_64-linux/include/;/home/j60100428/Ascend_0319/cann-9.0.0/x86_64-linux/include/exe_graph
[2026-03-19 16:58:40] -- Found graph library:/home/j60100428/Ascend_0319/cann-9.0.0/x86_64-linux/lib64/libgraph.so
[2026-03-19 16:58:40] -- Found source acl include dir:  /home/j60100428/Ascend_0319/cann-9.0.0/x86_64-linux/include
[2026-03-19 16:58:40] -- [transformer]Found source npuruntime include dir: /home/j60100428/Ascend_0319/cann-9.0.0/x86_64-linux/pkg_inc/runtime
[2026-03-19 16:58:40] -- Found aclnn include dir:  /home/j60100428/Ascend_0319/cann-9.0.0/x86_64-linux/include
[2026-03-19 16:58:40] -- Found opdev include dir:  /home/j60100428/Ascend_0319/cann-9.0.0/x86_64-linux/include/aclnn
[2026-03-19 16:58:40] -- Found tilingapi include:/home/j60100428/Ascend_0319/cann-9.0.0/x86_64-linux/include
[2026-03-19 16:58:40] -- TILINGAPI_INC_DIRS: /home/j60100428/Ascend_0319/cann-9.0.0/x86_64-linux/include;/home/j60100428/Ascend_0319/cann-9.0.0/x86_64-linux/ascendc;/home/j60100428/Ascend_0319/cann-9.0.0/x86_64-linux/ascendc/include;/home/j60100428/Ascend_0319/cann-9.0.0/x86_64-linux/ascendc/include/highlevel_api;/home/j60100428/Ascend_0319/cann-9.0.0/x86_64-linux/ascendc/include/highlevel_api/lib;/home/j60100428/Ascend_0319/cann-9.0.0/x86_64-linux/ascendc/include/highlevel_api/impl;/home/j60100428/Ascend_0319/cann-9.0.0/x86_64-linux/ascendc/include/highlevel_api/tiling
[2026-03-19 16:58:40] -- Found tilingapi lib:/home/j60100428/Ascend_0319/cann-9.0.0/x86_64-linux/lib64/libtiling_api.a
[2026-03-19 16:58:40] -- Using AICPU include dirs: /home/j60100428/Ascend_0319/cann-9.0.0/x86_64-linux/include/experiment;/home/j60100428/Ascend_0319/cann-9.0.0/x86_64-linux/include/experiment/cce;/home/j60100428/Ascend_0319/cann-9.0.0/x86_64-linux/include/experiment/msprof;/home/j60100428/Ascend_0319/cann-9.0.0/x86_64-linux/pkg_inc/aicpu_common/context;/home/j60100428/Ascend_0319/cann-9.0.0/x86_64-linux/pkg_inc/aicpu_common/context/common;/home/j60100428/Ascend_0319/cann-9.0.0/x86_64-linux/pkg_inc/aicpu_common/context/cpu_proto;/home/j60100428/Ascend_0319/cann-9.0.0/x86_64-linux/pkg_inc/aicpu_common/context/utils;/home/j60100428/Ascend_0319/cann-9.0.0/x86_64-linux/include/aicpu_common/context;/home/j60100428/Ascend_0319/cann-9.0.0/x86_64-linux/include/aicpu_common/context/common;/home/j60100428/Ascend_0319/cann-9.0.0/x86_64-linux/include/aicpu_common/context/cpu_proto;/home/j60100428/Ascend_0319/cann-9.0.0/x86_64-linux/include/aicpu_common/context/utils;/home/j60100428/Ascend_0319/cann-9.0.0/x86_64-linux/include/experiment/datagw/aicpu/common;/home/j60100428/Ascend_0319/cann-9.0.0/x86_64-linux/include/experiment/datagw/aicpu/common;/home/j60100428/Ascend_0319/cann-9.0.0/x86_64-linux/pkg_inc;/home/j60100428/Ascend_0319/cann-9.0.0/x86_64-linux/pkg_inc/aicpu
[2026-03-19 16:58:40] -- Finding gen es pkg
[2026-03-19 16:58:40] -- [add_es_library] Module loaded from: /home/j60100428/Ascend_0319/cann-9.0.0/include/ge/cmake
[2026-03-19 16:58:40] -- DowCMake Warning (dev) at /opt/cmake/share/cmake-3.24/Modules/ExternalProject.cmake:3074 (message):
  The DOWNLOAD_EXTRACT_TIMESTAMP option was not given and policy CMP0135 is
  not set.  The policy's OLD behavior will be used.  When using a URL
  download, the timestamps of extracted files should preferably be that of
  the time of extraction, otherwise code that depends on the extracted
  contents might not be rebuilt if the URL changes.  The OLD behavior
  preserves the timestamps from the archive instead, but this is usually not
  what you want.  Update your project to the NEW behavior or specify the
  DOWNLOAD_EXTRACT_TIMESTAMP option with a value of true to avoid this
  robustness issue.
Call Stack (most recent call first):
  /opt/cmake/share/cmake-3.24/Modules/ExternalProject.cmake:4170 (_ep_add_download_command)
  cmake/third_party/abseil-cpp.cmake:52 (ExternalProject_Add)
  CMakeLists.txt:147 (include)
This warning is for project developers.  Use -Wno-dev to suppress it.

CMake Warning (dev) at /opt/cmake/share/cmake-3.24/Modules/ExternalProject.cmake:3074 (message):
  The DOWNLOAD_EXTRACT_TIMESTAMP option was not given and policy CMP0135 is
  not set.  The policy's OLD behavior will be used.  When using a URL
  download, the timestamps of extracted files should preferably be that of
  the time of extraction, otherwise code that depends on the extracted
  contents might not be rebuilt if the URL changes.  The OLD behavior
  preserves the timestamps from the archive instead, but this is usually not
  what you want.  Update your project to the NEW behavior or specify the
  DOWNLOAD_EXTRACT_TIMESTAMP option with a value of true to avoid this
  robustness issue.
Call Stack (most recent call first):
  /opt/cmake/share/cmake-3.24/Modules/ExternalProject.cmake:4170 (_ep_add_download_command)
  cmake/third_party/ascend_protobuf.cmake:54 (ExternalProject_Add)
  CMakeLists.txt:148 (include)
This warning is for project developers.  Use -Wno-dev to suppress it.

nloading eigen from https://gitcode.com/cann-src-third-party/eigen/releases/download/5.0.0-h0.trunk/eigen-5.0.0.tar.gz
[2026-03-19 16:58:40] -- Could NOT find abseil-cpp (missing: ABSL_SOURCE_DIR) 
[2026-03-19 16:58:40] -- [ThirdPartyLib][abseil-cpp] https://gitcode.com/cann-src-third-party/abseil-cpp/releases/download/20230802.1/abseil-cpp-20230802.1.tar.gz not found, need download.
[2026-03-19 16:58:40] -- Could NOT find ascend_protobuf_build_transformer (missing: ASCEND_PROTOBUF_SHARED_INCLUDE) 
[2026-03-19 16:58:40] -- [ThirdPartyLib][ascend protobuf] ascend protobuf shared not found, finding binary file.
[2026-03-19 16:58:40] -- [ThirdPartyLib][ascend protobuf] https://gitcode.com/cann-src-third-party/protobuf/releases/download/v25.1/protobuf-25.1.tar.gz not found, need download.
[2026-03-19 16:58:40] -- Found alog: /home/j60100428/Ascend_0319/cann-9.0.0/include  
[2026-03-19 16:58:40] -- Variables in alog module:
[2026-03-19 16:58:40] -- alog_a_INCLUDE_DIR="/home/j60100428/Ascend_0319/cann-9.0.0/include"
[2026-03-19 16:58:40] -- slog_a_SHARED_LIBRARY="/home/j60100428/Ascend_0319/cann-9.0.0/lib64/libascendalog.so"
[2026-03-19 16:58:40] -- alog_a_SHARED_LIBRARY="/home/j60100428/Ascend_0319/cann-9.0.0/lib64/libascendalog.so"
[2026-03-19 16:58:40] -- 
[2026-03-19 16:58:40]  Properties for TARGET slog_a:
[2026-03-19 16:58:40]    slog_a.INTERFACE_COMPILE_DEFINITIONS = "LOG_CPP;PROCESS_LOG"
[2026-03-19 16:58:40]    slog_a.INTERFACE_LINK_LIBRARIES = "alog_headers"
[2026-03-19 16:58:40]    slog_a.IMPORTED_LOCATION = "/home/j60100428/Ascend_0319/cann-9.0.0/lib64/libascendalog.so"
[2026-03-19 16:58:40] 
[2026-03-19 16:58:40] -- 
[2026-03-19 16:58:40]  Properties for TARGET alog_a:
[2026-03-19 16:58:40]    alog_a.INTERFACE_COMPILE_DEFINITIONS = "LOG_CPP;PROCESS_LOG"
[2026-03-19 16:58:40]    alog_a.INTERFACE_LINK_LIBRARIES = "alog_headers"
[2026-03-19 16:58:40]    alog_a.IMPORTED_LOCATION = "/home/j60100428/Ascend_0319/cann-9.0.0/lib64/libascendalog.so"
[2026-03-19 16:58:40] 
[2026-03-19 16:58:40] -- 
[2026-03-19 16:58:40]  Properties for TARGET alog_headers:
[2026-03-19 16:58:40]    alog_headers.INTERFACE_INCLUDE_DIRECTORIES = "/home/j60100428/Ascend_0319/cann-9.0.0/include;/home/j60100428/Ascend_0319/cann-9.0.0/include/base"
[2026-03-19 16:58:40] 
[2026-03-19 16:58:40] -- Could NOT find unified_dlog (missing: _INCLUDE_ROOT_DIR) 
[2026-03-19 16:58:41] -- === Debug: CURRENT_DIRS =CMakeLists.txt;pytest;ut 
[2026-03-19 16:58:41] -- === Debug: CURRENT_DIRS =CMakeLists.txt;op_api;op_host 
[2026-03-19 16:58:41] -- _OpsTestUt_UTestCaseLibraries      = .
[2026-03-19 16:58:41] -- _OpsTestUt_UTestAclnnCaseLibraries = 
[2026-03-19 16:58:41] -- _OpsTestUt_UTestCaseLibraries and _OpsTestUt_UTestAclnnCaseLibraries both empty.
[2026-03-19 16:58:41] -- Skip proto update: /home/j60100428/ops-transformer_0319/attention/flash_attention_score_grad
[2026-03-19 16:58:41] -- Start Generating es transformer for custom pkg
[2026-03-19 16:58:41] -- Generated helper script: /home/j60100428/ops-transformer_0319/build/cmake/run_gen_esb_with_lock.sh
[2026-03-19 16:58:41] -- _add_es_library_impl: EXCLUDE_OPS is not provided
[2026-03-19 16:58:41] -- add_es_package: Using default output directory: /home/j60100428/ops-transformer_0319/build
[2026-03-19 16:58:41] -- add_es_package: OPP_PROTO_TARGET output directory: /home/j60100428/ops-transformer_0319/build
[2026-03-19 16:58:41] -- add_es_package: Derived ASCEND_OPP_PATH: /home/j60100428/ops-transformer_0319/build
[2026-03-19 16:58:41] --   - Created standard OPP path: /home/j60100428/ops-transformer_0319/build/es_transformer_cust_build/opp_standard_path_proto_transformer_cust
[2026-03-19 16:58:41] -- _add_es_library_impl: gen_esb target not found, searching in environment...
[2026-03-19 16:58:41] --     Found gen_esb in PATH (environment variables configured)
[2026-03-19 16:58:41] --     - gen_esb path: /home/j60100428/Ascend_0319/cann-9.0.0/bin/gen_esb
[2026-03-19 16:58:41] --     - library path: /home/j60100428/Ascend_0319/cann-9.0.0/lib64
[2026-03-19 16:58:41] -- Using proto library path (derived from OPP_PROTO_TARGET): /home/j60100428/ops-transformer_0319/build/es_transformer_cust_build/opp_standard_path_proto_transformer_cust
[2026-03-19 16:58:41] -- add_es_package: Module name for gen_esb: transformer_cust
[2026-03-19 16:58:41] -- [add_es_library] No history registry found at /home/j60100428/Ascend_0319/cann-9.0.0/opp/history_registry/transformer_cust, skipping
[2026-03-19 16:58:41] -- Trying to locate eager_style_graph_builder_base library from run package...
[2026-03-19 16:58:41] --   Found library in run package: /home/j60100428/Ascend_0319/cann-9.0.0/lib64/libeager_style_graph_builder_base.so
[2026-03-19 16:58:41] -- Configuring ES package: es_transformer_cust
[2026-03-19 16:58:41] --   - Exported target: es_transformer_cust (public interface)
[2026-03-19 16:58:41] --   - Internal .obj target: es_transformer_cust_obj (compile once)
[2026-03-19 16:58:41] --   - Internal .so target: es_transformer_cust_so
[2026-03-19 16:58:41] --   - Internal .a target: es_transformer_cust_a
[2026-03-19 16:58:41] --   - Module name (for gen_esb): transformer_cust
[2026-03-19 16:58:41] --   - OPP proto target: proto_transformer_cust
[2026-03-19 16:58:41] --   - OPP proto path: /home/j60100428/ops-transformer_0319/build/es_transformer_cust_build/opp_standard_path_proto_transformer_cust
[2026-03-19 16:58:41] --   - Output path: /home/j60100428/ops-transformer_0319/build/es_packages
[2026-03-19 16:58:41] --   - Library files: libes_transformer_cust.so, libes_transformer_cust.a
[2026-03-19 16:58:41] --   - Python package: es_transformer_cust
[2026-03-19 16:58:41] -- ES package 'es_transformer_cust' using single-file compilation mode
[2026-03-19 16:58:41] --   - Wrapper file: /home/j60100428/ops-transformer_0319/build/es_transformer_cust_build/generated_code/es_transformer_cust_all_in_one.cpp
[2026-03-19 16:58:41] --   - Module name: transformer_cust
[2026-03-19 16:58:41] -- add_es_library: Using default compile options: -fPIC;-Wall;-fstack-protector-all;-std=c++17;-D_GLIBCXX_USE_CXX11_ABI=0;-O2;-Wno-free-nonheap-object
[2026-03-19 16:58:41] -- add_es_library: Set _GLIBCXX_USE_CXX11_ABI=0 for ABI compatibility
[2026-03-19 16:58:41] -- add_es_library: Deduced header base path from cmake file: /home/j60100428/Ascend_0319/cann-9.0.0
[2026-03-19 16:58:41] -- add_es_library: metadef_headers target not found, skipping
[2026-03-19 16:58:41] -- add_es_library: Found c_sec target
[2026-03-19 16:58:41] -- add_es_library: Linking with CANN libraries: c_sec
[2026-03-19 16:58:41] -- add_es_package: 'build_es_transformer_cust' is the first ES package (will be built first)
[2026-03-19 16:58:41] -- ES package 'es_transformer_cust' configured successfully (single-file mode):
[2026-03-19 16:58:41] --   - Exported target (for linking): es_transformer_cust
[2026-03-19 16:58:41] --   - Build target: build_es_transformer_cust
[2026-03-19 16:58:41] --   - Wrapper file: /home/j60100428/ops-transformer_0319/build/es_transformer_cust_build/generated_code/es_transformer_cust_all_in_one.cpp
[2026-03-19 16:58:41] --   - Internal targets:
[2026-03-19 16:58:41] --     * Code generation: generate_es_transformer_cust_code
[2026-03-19 16:58:41] --     * Object library: es_transformer_cust_obj (compiled once)
[2026-03-19 16:58:41] --     * Shared library: es_transformer_cust_so
[2026-03-19 16:58:41] --     * Static library: es_transformer_cust_a
[2026-03-19 16:58:41] --     * Wheel generation: generate_es_transformer_cust_whl
[2026-03-19 16:58:41] --     * Install: install_es_transformer_cust
[2026-03-19 16:58:41] --   - Library files: libes_transformer_cust.so, libes_transformer_cust.a
[2026-03-19 16:58:41] --   - Python package: es_transformer_cust
[2026-03-19 16:58:41] --   - ES base library: /home/j60100428/Ascend_0319/cann-9.0.0/lib64/libeager_style_graph_builder_base.so (from library)
[2026-03-19 16:58:41] -- 
[2026-03-19 16:58:41] -- Build mode: Single-file compilation (no reconfiguration needed)
[2026-03-19 16:58:41] -- 
[2026-03-19 16:58:41] -- Quick start:
[2026-03-19 16:58:41] --   1. Link:    target_link_libraries(your_target PRIVATE es_transformer_cust)
[2026-03-19 16:58:41] --   2. Build:   make your_target  (recommended, triggers automatically)
[2026-03-19 16:58:41] -- 
[2026-03-19 16:58:41] -- custom cust proto to es
[2026-03-19 16:58:41] -- Detected architecture: x86_64
[2026-03-19 16:58:41] -- End building custom package.
[2026-03-19 16:58:41] -- create aclnn master header file: /home/j60100428/ops-transformer_0319/build/aclnn_ops_transformer_custom.h
[2026-03-19 16:58:41] -- no operator info to generate
[2026-03-19 16:58:41] -- Start building custom package.
[2026-03-19 16:58:41] -- No aicpu json files to merge, skipping.
[2026-03-19 16:58:41] -- No aicpu cust obj targets found, skipping.
[2026-03-19 16:58:41] -- Configuring done
[2026-03-19 16:58:41] -- Generating done
[2026-03-19 16:58:41] -- Build files have been written to: /home/j60100428/ops-transformer_0319/build
[2026-03-19 16:58:41] ... transformer_op_host_ut
[2026-03-19 16:58:41] Building target: transformer_op_host_ut.
[2026-03-19 16:58:41] [  4%] Building CXX object common/CMakeFiles/common_transformer_obj.dir/src/fallback_comm.cpp.o
[2026-03-19 16:58:41] [  8%] Building CXX object common/CMakeFiles/common_transformer_obj.dir/src/fallback_comm_2stages.cpp.o
[2026-03-19 16:58:41] [ 13%] Building CXX object attention/flash_attention_score_grad/op_host/CMakeFiles/ophost_transformer_infer_obj.dir/flash_attention_score_grad_infershape.cpp.o
[2026-03-19 16:58:41] [ 17%] Building CXX object attention/flash_attention_score_grad/op_host/CMakeFiles/ophost_transformer_tiling_obj.dir/flash_attention_score_grad_tiling.cpp.o
[2026-03-19 16:58:41] [ 21%] Building CXX object common/CMakeFiles/common_transformer_obj.dir/src/tiling_base/tiling_util.cpp.o
[2026-03-19 16:58:41] [ 21%] Building CXX object attention/flash_attention_score_grad/tests/ut/op_host/CMakeFiles/transformer_op_infershape_ut_cases_obj.dir/test_flash_attention_score_grad_infershape.cpp.o
[2026-03-19 16:58:41] [ 26%] Building CXX object attention/flash_attention_score_grad/op_host/CMakeFiles/ophost_transformer_tiling_obj.dir/arch32/flash_attention_score_grad_tiling_bngs1s2_b.cpp.o
[2026-03-19 16:58:41] [ 30%] Building CXX object attention/flash_attention_score_grad/tests/ut/op_host/arch32/CMakeFiles/transformer_op_tiling_ut_cases_obj.dir/test_flash_attention_score_grad_tiling.cpp.o
[2026-03-19 16:58:41] [ 34%] Building CXX object attention/flash_attention_score_grad/op_host/CMakeFiles/ophost_transformer_tiling_obj.dir/arch32/flash_attention_score_grad_tiling_common.cpp.o
[2026-03-19 16:58:41] [ 39%] Building CXX object tests/ut/framework_normal/op_host/CMakeFiles/transformer_op_tiling_ut_common_obj.dir/__/common/tiling_case_executor.cpp.o
[2026-03-19 16:58:41] [ 39%] Building CXX object attention/flash_attention_score_grad/op_host/CMakeFiles/ophost_transformer_tiling_obj.dir/arch32/flash_attention_score_grad_tiling_ngs1s2_bn.cpp.o
[2026-03-19 16:58:41] [ 47%] Building CXX object tests/ut/framework_normal/op_host/CMakeFiles/transformer_op_infershape_ut_common_obj.dir/__/common/infer_datatype_context_faker.cpp.o
[2026-03-19 16:58:41] [ 47%] Building CXX object tests/ut/framework_normal/op_host/CMakeFiles/transformer_op_tiling_ut_common_obj.dir/__/common/tiling_context_faker.cpp.o
[2026-03-19 16:58:41] [ 52%] Building CXX object attention/flash_attention_score_grad/op_host/CMakeFiles/ophost_transformer_tiling_obj.dir/arch32/flash_attention_score_grad_tiling_s1s2_bn2.cpp.o
[2026-03-19 16:58:41] [ 56%] Building CXX object tests/ut/framework_normal/op_host/CMakeFiles/transformer_op_infershape_ut_common_obj.dir/__/common/infer_shape_case_executor.cpp.o
[2026-03-19 16:58:41] [ 60%] Building CXX object attention/flash_attention_score_grad/op_host/CMakeFiles/ophost_transformer_tiling_obj.dir/arch32/flash_attention_score_grad_tiling_s1s2_bn2gs1s2.cpp.o
[2026-03-19 16:58:41] [ 65%] Building CXX object tests/ut/framework_normal/op_host/CMakeFiles/transformer_op_infershape_ut_common_obj.dir/__/common/infer_shaperange_context_faker.cpp.o
[2026-03-19 16:58:41] [ 69%] Building CXX object attention/flash_attention_score_grad/op_host/CMakeFiles/ophost_transformer_tiling_obj.dir/arch32/flash_attention_score_grad_tiling_s1s2_bn2gs1s2_basic.cpp.o
[2026-03-19 16:58:41] [ 73%] Building CXX object tests/ut/framework_normal/op_host/CMakeFiles/transformer_op_infershape_ut_common_obj.dir/__/common/infer_shape_context_faker.cpp.o
[2026-03-19 16:58:41] [ 78%] Building CXX object attention/flash_attention_score_grad/op_host/CMakeFiles/ophost_transformer_tiling_obj.dir/arch32/flash_attention_score_grad_tiling_s1s2_bn2gs1s2_basic_det.cpp.o
[2026-03-19 16:58:41] [ 78%] Building CXX object attention/flash_attention_score_grad/op_host/CMakeFiles/ophost_transformer_tiling_obj.dir/arch32/flash_attention_score_grad_tiling_s1s2_bn2gs1s2_sab.cpp.o
[2026-03-19 16:58:41] [ 82%] Building CXX object attention/flash_attention_score_grad/op_host/CMakeFiles/ophost_transformer_tiling_obj.dir/arch32/flash_attention_score_grad_tiling_unpadded_attension.cpp.o
[2026-03-19 16:58:43] [ 82%] Built target common_transformer_obj
[2026-03-19 16:58:44] [ 82%] Built target transformer_op_infershape_ut_cases_obj
[2026-03-19 16:58:44] [ 82%] Built target transformer_op_infershape_ut_common_obj
[2026-03-19 16:58:44] [ 86%] Linking CXX static library libtransformer_op_infershape_ut_cases.a
[2026-03-19 16:58:44] [ 86%] Built target transformer_op_infershape_ut_cases
[2026-03-19 16:58:44] [ 86%] Built target transformer_op_tiling_ut_cases_obj
[2026-03-19 16:58:45] [ 86%] Built target ophost_transformer_infer_obj
[2026-03-19 16:58:48] [ 86%] Built target transformer_op_tiling_ut_common_obj
[2026-03-19 16:58:48] [ 86%] Linking CXX static library libtransformer_op_tiling_ut_cases.a
[2026-03-19 16:58:48] [ 86%] Built target transformer_op_tiling_ut_cases
[2026-03-19 16:59:05] [ 86%] Built target ophost_transformer_tiling_obj
[2026-03-19 16:59:05] [ 91%] Linking CXX shared library libophost_transformer_ut.so
[2026-03-19 16:59:06] [ 91%] Built target ophost_transformer_ut
[2026-03-19 16:59:07] [ 95%] Building CXX object tests/ut/framework_normal/op_host/CMakeFiles/transformer_op_host_ut.dir/test_op_host_main.cpp.o
[2026-03-19 16:59:09] [100%] Linking CXX executable transformer_op_host_ut
[2026-03-19 16:59:09] Run ops op_host utest with asan
[2026-03-19 16:59:09] [==========] Running 6 tests from 2 test suites.
[2026-03-19 16:59:09] [----------] Global test environment set-up.
[2026-03-19 16:59:09] Global Environment SetpUp.
[2026-03-19 16:59:09] [----------] 5 tests from FlashAttentionScoreGradTiling
[2026-03-19 16:59:09] FlashAttentionScoreGradTiling SetUp
[2026-03-19 16:59:09] [ RUN      ] FlashAttentionScoreGradTiling.FlashAttentionScoreGrad_tiling_0
[2026-03-19 16:59:09] [       OK ] FlashAttentionScoreGradTiling.FlashAttentionScoreGrad_tiling_0 (2 ms)
[2026-03-19 16:59:09] [ RUN      ] FlashAttentionScoreGradTiling.FlashAttentionScoreGrad_tiling_1
[2026-03-19 16:59:09] [INFO] RUNTIME(946601,transformer_op_host_ut):2026-03-19-16:59:09.879.320 [task_fail_callback_data_manager.cc:93] 946601 TaskFailCallBackManager: Constructor.
[2026-03-19 16:59:09] [INFO] RUNTIME(946601,transformer_op_host_ut):2026-03-19-16:59:09.879.360 [xpu_task_fail_callback_data_manager.cc:59] 946601 XpuTaskFailCallBackManager: XpuTaskFailCallBackManager Constructor.
[2026-03-19 16:59:09] [INFO] RUNTIME(946601,transformer_op_host_ut):2026-03-19-16:59:09.881.042 [runtime_keeper.cc:184] 946601 CreateRuntimeImpl: Open libruntime_v100.so successfully
[2026-03-19 16:59:09] [INFO] RUNTIME(946601,transformer_op_host_ut):2026-03-19-16:59:09.881.445 [stream_mem_pool.cc:380] 946601 ~PoolRegistry: SOMA PoolRegistry destructor.
[2026-03-19 16:59:09] [INFO] RUNTIME(946601,transformer_op_host_ut):2026-03-19-16:59:09.881.463 [runtime_adapt.cc:56] 946601 ~Runtime: runtime destructor.
[2026-03-19 16:59:09] [INFO] RUNTIME(946601,transformer_op_host_ut):2026-03-19-16:59:09.881.467 [runtime.cc:1369] 946601 WaitMonitorExit: wait monitor success, used count=0.
[2026-03-19 16:59:09] [INFO] RUNTIME(946601,transformer_op_host_ut):2026-03-19-16:59:09.883.286 [xpu_task_fail_callback_data_manager.cc:64] 946601 ~XpuTaskFailCallBackManager: XpuTaskFailCallBackManager Destructor.
[2026-03-19 16:59:09] [[2026-03-19 16:59:10] ================================================================================
[2026-03-19 16:59:10] Coverage Report
[2026-03-19 16:59:10] ================================================================================
[2026-03-19 16:59:14] No file found in filtered coverage file.
INFO] RUNTIME(946601,transformer_op_host_ut):2026-03-19-16:59:09.883.300 [task_fail_callback_data_manager.cc:98] 946601 ~TaskFailCallBackManager: Destructor.
[2026-03-19 16:59:10] [ERROR] FE(946601,transformer_op_host_ut):2026-03-19-16:59:10.080.491 [platform_info.cpp:110]946601 LoadIniFile:Failed to open conf file, it does not exist or is already opened.
[2026-03-19 16:59:10] [ERROR] FE(946601,transformer_op_host_ut):2026-03-19-16:59:10.080.533 [platform_info.cpp:1169]946601 InitRuntimePlatformInfos:Failed to load ini file[/home/j60100428/Ascend_0319/cann-9.0.0/x86_64-linux/data/platform_config/UnknowSocType.ini].
[2026-03-19 16:59:10] [ERROR] FE(946601,transformer_op_host_ut):2026-03-19-16:59:10.080.557 [platform_info.cpp:1006]946601 GetPlatformInfos:Cannot find platform_info by SoCVersion UnknowSocType.
[2026-03-19 16:59:10] [ERROR] ASCENDCKERNEL(946601,transformer_op_host_ut):2026-03-19-16:59:10.080.567 [platform_ascendc.cpp:75][SocVersionStrMap] get platform failed, convertMap do not find soc  version
[2026-03-19 16:59:10] [ERROR] ASCENDCKERNEL(946601,transformer_op_host_ut):2026-03-19-16:59:10.080.575 [platform_ascendc.cpp:525][PlatformAscendCInit] Invalid SocVersion.
[2026-03-19 16:59:10] [ERROR] ASCENDCKERNEL(946601,transformer_op_host_ut):2026-03-19-16:59:10.080.588 [../../../../impl/adv_api/tiling/activation/softmax_tiling.cpp:141][GetSoftMaxMinTmpSize] Failed to get PlatformAscendC.
[2026-03-19 16:59:10] [ERROR] ASCENDCKERNEL(946601,transformer_op_host_ut):2026-03-19-16:59:10.080.688 [../../../../impl/adv_api/tiling/activation/softmax_tiling.cpp:411][GetSoftMaxGradMinTmpSize] Failed to get PlatformAscendC.
[2026-03-19 16:59:10]  softmaxTmpSize :0
[2026-03-19 16:59:10] [       OK ] FlashAttentionScoreGradTiling.FlashAttentionScoreGrad_tiling_1 (204 ms)
[2026-03-19 16:59:10] [ RUN      ] FlashAttentionScoreGradTiling.FlashAttentionScoreGrad_tiling_2
[2026-03-19 16:59:10] [ERROR] ASCENDCKERNEL(946601,transformer_op_host_ut):2026-03-19-16:59:10.083.671 [../../../../impl/adv_api/tiling/activation/softmax_tiling.cpp:141][GetSoftMaxMinTmpSize] Failed to get PlatformAscendC.
[2026-03-19 16:59:10]  softmaxTmpSize :0
[2026-03-19 16:59:10] [       OK ] FlashAttentionScoreGradTiling.FlashAttentionScoreGrad_tiling_2 (3 ms)
[2026-03-19 16:59:10] [ RUN      ] FlashAttentionScoreGradTiling.FlashAttentionScoreGrad_tiling_3
[2026-03-19 16:59:10] [       OK ] FlashAttentionScoreGradTiling.FlashAttentionScoreGrad_tiling_3 (3 ms)
[2026-03-19 16:59:10] [ RUN      ] FlashAttentionScoreGradTiling.FlashAttentionScoreGrad_tiling_4
[2026-03-19 16:59:10] [       OK ] FlashAttentionScoreGradTiling.FlashAttentionScoreGrad_tiling_4 (3 ms)
[2026-03-19 16:59:10] FlashAttentionScoreGradTiling TearDown
[2026-03-19 16:59:10] [----------] 5 tests from FlashAttentionScoreGradTiling (216 ms total)
[2026-03-19 16:59:10] 
[2026-03-19 16:59:10] [----------] 1 test from FlashAttentionScoreGradProto
[2026-03-19 16:59:10] FlashAttentionScoreGradProto SetUp
[2026-03-19 16:59:10] [ RUN      ] FlashAttentionScoreGradProto.flash_attention_score_grad_infershape_0
[2026-03-19 16:59:10] [       OK ] FlashAttentionScoreGradProto.flash_attention_score_grad_infershape_0 (0 ms)
[2026-03-19 16:59:10] FlashAttentionScoreGradProto TearDown
[2026-03-19 16:59:10] [----------] 1 test from FlashAttentionScoreGradProto (0 ms total)
[2026-03-19 16:59:10] 
[2026-03-19 16:59:10] [----------] Global test environment tear-down
[2026-03-19 16:59:10] Global Environment TearDown
[2026-03-19 16:59:10] [==========] 6 tests from 2 test suites ran. (410 ms total)
[2026-03-19 16:59:10] [  PASSED  ] 6 tests.
[2026-03-19 16:59:10] [100%] Built target transformer_op_host_ut
