json found in /home/j60100428/ops-transformer_0319/third_party/json, and not force rebuild cann third_party
GTEST_INSTALL_PATH=/home/j60100428/ops-transformer_0319/third_party/gtest
gtest found:TRUE
gtest found in /home/j60100428/ops-transformer_0319/third_party/gtest, and not force rebuild cann third_party
[2026-03-25 14:09:22] Warning: The current environment is configured for ascend910b, Please use Atlas A2 series hardware for optimal performance.
[2026-03-25 14:09:23] ----------------------------------------------------------------
[2026-03-25 14:09:23] Start to build ut
[2026-03-25 14:09:23] -- The C compiler identification is GNU 9.4.0
[2026-03-25 14:09:23] -- The CXX compiler identification is GNU 9.4.0
[2026-03-25 14:09:23] -- Detecting C compiler ABI info
[2026-03-25 14:09:23] -- Detecting C compiler ABI info - done
[2026-03-25 14:09:23] -- Check for working C compiler: /usr/bin/cc - skipped
[2026-03-25 14:09:23] -- Detecting C compile features
[2026-03-25 14:09:23] -- Detecting C compile features - done
[2026-03-25 14:09:23] -- Detecting CXX compiler ABI info
[2026-03-25 14:09:24] -- Detecting CXX compiler ABI info - done
[2026-03-25 14:09:24] -- Check for working CXX compiler: /usr/bin/c++ - skipped
[2026-03-25 14:09:24] -- Detecting CXX compile features
[2026-03-25 14:09:24] -- Detecting CXX compile features - done
[2026-03-25 14:09:24] -- ASCEND_CANN_PACKAGE_PATH=/home/j60100428/Ascend_0320/cann-9.0.0
[2026-03-25 14:09:24] -- compile project with library
[2026-03-25 14:09:24] -- Find opbase source dir: /home/j60100428/ops-transformer_0319/third_party/opbase
[2026-03-25 14:09:24] -- Found Python3: /root/miniconda3/envs/jpy38/bin/python3.8 (found version "3.8.20") found components: Interpreter 
[2026-03-25 14:09:24] -- ENABLE_CCACHE=ON, CUSTOM_CCACHE=
[2026-03-25 14:09:24] -- CCACHE_PROGRAM=CCACHE_PROGRAM-NOTFOUND
[2026-03-25 14:09:24] -- ASCEND_COMPUTE_UNIT=ascend910b;
[2026-03-25 14:09:24] -- ASCEND_OP_NAME=prompt_flash_attention
[2026-03-25 14:09:24] -- TILING_KEY=
[2026-03-25 14:09:24] -- TESTS_UT_OPS_TEST=prompt_flash_attention
[2026-03-25 14:09:24] -- TESTS_EXAMPLE_OPS_TEST=
[2026-03-25 14:09:24] -- CMAKE_BUILD_TYPE=Debug
[2026-03-25 14:09:24] -- VERSION=
[2026-03-25 14:09:24] -- CMAKE_CXX_COMPILER_ID=GNU
[2026-03-25 14:09:24] -- Found json: /home/j60100428/ops-transformer_0319/third_party/json/include  
[2026-03-25 14:09:24] -- Found gtest: /home/j60100428/ops-transformer_0319/third_party/gtest/include  
[2026-03-25 14:09:24] -- Start building custom package.
[2026-03-25 14:09:25] -- Search libs under install path /home/j60100428/Ascend_0320/cann-9.0.0
[2026-03-25 14:09:25] -- CMAKE_MODULE_PATH            :/home/j60100428/ops-transformer_0319/cmake/modules;/home/j60100428/Ascend_0320/cann-9.0.0/include/ge/cmake
[2026-03-25 14:09:25] -- compile option:  -O0 -g -Wall -Wextra -Wshadow -Wformat=2 -fno-common -fPIC -Wformat-signedness -Wno-missing-include-dirs -Wno-write-strings
[2026-03-25 14:09:25] -- Found dlog: /home/j60100428/Ascend_0320/cann-9.0.0/pkg_inc/base  
[2026-03-25 14:09:25] -- Transformer Variables in dlog module:
[2026-03-25 14:09:25] -- dlog_TRANSFORMER_INCLUDE_DIR="/home/j60100428/Ascend_0320/cann-9.0.0/pkg_inc/base"
[2026-03-25 14:09:25] -- dlog_SHARED_LIBRARY="/home/j60100428/Ascend_0320/cann-9.0.0/lib64/libascendalog.so"
[2026-03-25 14:09:25] -- 
[2026-03-25 14:09:25]  Properties for TARGET dlog:
[2026-03-25 14:09:25]    dlog.INTERFACE_COMPILE_DEFINITIONS = "LOG_CPP;PROCESS_LOG"
[2026-03-25 14:09:25]    dlog.INTERFACE_LINK_LIBRARIES = "dlog_headers"
[2026-03-25 14:09:25]    dlog.IMPORTED_LOCATION = "/home/j60100428/Ascend_0320/cann-9.0.0/lib64/libascendalog.so"
[2026-03-25 14:09:25] 
[2026-03-25 14:09:25] -- 
[2026-03-25 14:09:25]  Properties for TARGET dlog_headers:
[2026-03-25 14:09:25]    dlog_headers.INTERFACE_INCLUDE_DIRECTORIES = "/home/j60100428/Ascend_0320/cann-9.0.0/pkg_inc/base"
[2026-03-25 14:09:25] 
[2026-03-25 14:09:25] -- Found securec: /home/j60100428/Ascend_0320/cann-9.0.0/include  
[2026-03-25 14:09:25] -- Found OPBASE: /home/j60100428/ops-transformer_0319/third_party/opbase/pkg_inc  
[2026-03-25 14:09:25] -- Found OPABSE include:/home/j60100428/ops-transformer_0319/third_party/opbase/pkg_inc
[2026-03-25 14:09:25] -- Found OPABSE lib:
[2026-03-25 14:09:25] -- Found platform: /home/j60100428/Ascend_0320/cann-9.0.0/include  
[2026-03-25 14:09:25] -- Found platform include:/hThe eigen package needs to be downloaded.
ome/j60100428/Ascend_0320/cann-9.0.0/x86_64-linux/include
[2026-03-25 14:09:25] -- Found register library:/home/j60100428/Ascend_0320/cann-9.0.0/x86_64-linux/lib64/libregister.so
[2026-03-25 14:09:25] -- Found opp_registry library:/home/j60100428/Ascend_0320/cann-9.0.0/x86_64-linux/lib64/libopp_registry.so
[2026-03-25 14:09:25] -- Found exe_graph library:/home/j60100428/Ascend_0320/cann-9.0.0/x86_64-linux/lib64/libexe_graph.so
[2026-03-25 14:09:25] -- Found graph_base library:/home/j60100428/Ascend_0320/cann-9.0.0/x86_64-linux/lib64/libgraph_base.so
[2026-03-25 14:09:25] -- Found error_manager library:/home/j60100428/Ascend_0320/cann-9.0.0/x86_64-linux/lib64/liberror_manager.so
[2026-03-25 14:09:25] -- Found metadef library:/home/j60100428/Ascend_0320/cann-9.0.0/x86_64-linux/lib64/libmetadef.so
[2026-03-25 14:09:25] -- Found rt2_registry library:/home/j60100428/Ascend_0320/cann-9.0.0/x86_64-linux/lib64/librt2_registry.a
[2026-03-25 14:09:25] -- Found metadef: /home/j60100428/Ascend_0320/cann-9.0.0/include  
[2026-03-25 14:09:25] -- Found source metadef include dir:  /home/j60100428/Ascend_0320/cann-9.0.0/x86_64-linux/include/;/home/j60100428/Ascend_0320/cann-9.0.0/x86_64-linux/include/exe_graph
[2026-03-25 14:09:25] -- Found graph library:/home/j60100428/Ascend_0320/cann-9.0.0/x86_64-linux/lib64/libgraph.so
[2026-03-25 14:09:25] -- Found source acl include dir:  /home/j60100428/Ascend_0320/cann-9.0.0/x86_64-linux/include
[2026-03-25 14:09:25] -- [transformer]Found source npuruntime include dir: /home/j60100428/Ascend_0320/cann-9.0.0/x86_64-linux/pkg_inc/runtime
[2026-03-25 14:09:25] -- Found aclnn include dir:  /home/j60100428/Ascend_0320/cann-9.0.0/x86_64-linux/include
[2026-03-25 14:09:25] -- Found opdev include dir:  /home/j60100428/Ascend_0320/cann-9.0.0/x86_64-linux/include/aclnn
[2026-03-25 14:09:25] -- Found tilingapi include:/home/j60100428/Ascend_0320/cann-9.0.0/x86_64-linux/include
[2026-03-25 14:09:25] -- TILINGAPI_INC_DIRS: /home/j60100428/Ascend_0320/cann-9.0.0/x86_64-linux/include;/home/j60100428/Ascend_0320/cann-9.0.0/x86_64-linux/ascendc;/home/j60100428/Ascend_0320/cann-9.0.0/x86_64-linux/ascendc/include;/home/j60100428/Ascend_0320/cann-9.0.0/x86_64-linux/ascendc/include/highlevel_api;/home/j60100428/Ascend_0320/cann-9.0.0/x86_64-linux/ascendc/include/highlevel_api/lib;/home/j60100428/Ascend_0320/cann-9.0.0/x86_64-linux/ascendc/include/highlevel_api/impl;/home/j60100428/Ascend_0320/cann-9.0.0/x86_64-linux/ascendc/include/highlevel_api/tiling
[2026-03-25 14:09:25] -- Found tilingapi lib:/home/j60100428/Ascend_0320/cann-9.0.0/x86_64-linux/lib64/libtiling_api.a
[2026-03-25 14:09:25] -- Using AICPU include dirs: /home/j60100428/Ascend_0320/cann-9.0.0/x86_64-linux/include/experiment;/home/j60100428/Ascend_0320/cann-9.0.0/x86_64-linux/include/experiment/cce;/home/j60100428/Ascend_0320/cann-9.0.0/x86_64-linux/include/experiment/msprof;/home/j60100428/Ascend_0320/cann-9.0.0/x86_64-linux/pkg_inc/aicpu_common/context;/home/j60100428/Ascend_0320/cann-9.0.0/x86_64-linux/pkg_inc/aicpu_common/context/common;/home/j60100428/Ascend_0320/cann-9.0.0/x86_64-linux/pkg_inc/aicpu_common/context/cpu_proto;/home/j60100428/Ascend_0320/cann-9.0.0/x86_64-linux/pkg_inc/aicpu_common/context/utils;/home/j60100428/Ascend_0320/cann-9.0.0/x86_64-linux/include/aicpu_common/context;/home/j60100428/Ascend_0320/cann-9.0.0/x86_64-linux/include/aicpu_common/context/common;/home/j60100428/Ascend_0320/cann-9.0.0/x86_64-linux/include/aicpu_common/context/cpu_proto;/home/j60100428/Ascend_0320/cann-9.0.0/x86_64-linux/include/aicpu_common/context/utils;/home/j60100428/Ascend_0320/cann-9.0.0/x86_64-linux/include/experiment/datagw/aicpu/common;/home/j60100428/Ascend_0320/cann-9.0.0/x86_64-linux/include/experiment/datagw/aicpu/common;/home/j60100428/Ascend_0320/cann-9.0.0/x86_64-linux/pkg_inc;/home/j60100428/Ascend_0320/cann-9.0.0/x86_64-linux/pkg_inc/aicpu
[2026-03-25 14:09:25] -- Finding gen es pkg
[2026-03-25 14:09:25] -- [add_es_library] Module loaded from: /home/j60100428/Ascend_0320/cann-9.0.0/include/ge/cmake
[2026-03-25 14:09:25] -- DownloadingCMake Warning (dev) at /opt/cmake/share/cmake-3.24/Modules/ExternalProject.cmake:3074 (message):
  The DOWNLOAD_EXTRACT_TIMESTAMP option was not given and policy CMP0135 is
  not set.  The policy's OLD behavior will be used.  When using a URL
  download, the timestamps of extracted files should preferably be that of
  the time of extraction, otherwise code that depends on the extracted
  contents might not be rebuilt if the URL changes.  The OLD behavior
  preserves the timestamps from the archive instead, but this is usually not
  what you want.  Update your project to the NEW behavior or specify the
  DOWNLOAD_EXTRACT_TIMESTAMP option with a value of true to avoid this
  robustness issue.
Call Stack (most recent call first):
  /opt/cmake/share/cmake-3.24/Modules/ExternalProject.cmake:4170 (_ep_add_download_command)
  cmake/third_party/abseil-cpp.cmake:52 (ExternalProject_Add)
  CMakeLists.txt:147 (include)
This warning is for project developers.  Use -Wno-dev to suppress it.

CMake Warning (dev) at /opt/cmake/share/cmake-3.24/Modules/ExternalProject.cmake:3074 (message):
  The DOWNLOAD_EXTRACT_TIMESTAMP option was not given and policy CMP0135 is
  not set.  The policy's OLD behavior will be used.  When using a URL
  download, the timestamps of extracted files should preferably be that of
  the time of extraction, otherwise code that depends on the extracted
  contents might not be rebuilt if the URL changes.  The OLD behavior
  preserves the timestamps from the archive instead, but this is usually not
  what you want.  Update your project to the NEW behavior or specify the
  DOWNLOAD_EXTRACT_TIMESTAMP option with a value of true to avoid this
  robustness issue.
Call Stack (most recent call first):
  /opt/cmake/share/cmake-3.24/Modules/ExternalProject.cmake:4170 (_ep_add_download_command)
  cmake/third_party/ascend_protobuf.cmake:54 (ExternalProject_Add)
  CMakeLists.txt:148 (include)
This warning is for project developers.  Use -Wno-dev to suppress it.

 eigen from https://gitcode.com/cann-src-third-party/eigen/releases/download/5.0.0-h0.trunk/eigen-5.0.0.tar.gz
[2026-03-25 14:09:25] -- Could NOT find abseil-cpp (missing: ABSL_SOURCE_DIR) 
[2026-03-25 14:09:25] -- [ThirdPartyLib][abseil-cpp] https://gitcode.com/cann-src-third-party/abseil-cpp/releases/download/20230802.1/abseil-cpp-20230802.1.tar.gz not found, need download.
[2026-03-25 14:09:25] -- Could NOT find ascend_protobuf_build_transformer (missing: ASCEND_PROTOBUF_SHARED_INCLUDE) 
[2026-03-25 14:09:25] -- [ThirdPartyLib][ascend protobuf] ascend protobuf shared not found, finding binary file.
[2026-03-25 14:09:25] -- [ThirdPartyLib][ascend protobuf] https://gitcode.com/cann-src-third-party/protobuf/releases/download/v25.1/protobuf-25.1.tar.gz not found, need download.
[2026-03-25 14:09:25] -- Found alog: /home/j60100428/Ascend_0320/cann-9.0.0/include  
[2026-03-25 14:09:25] -- Variables in alog module:
[2026-03-25 14:09:25] -- alog_a_INCLUDE_DIR="/home/j60100428/Ascend_0320/cann-9.0.0/include"
[2026-03-25 14:09:25] -- slog_a_SHARED_LIBRARY="/home/j60100428/Ascend_0320/cann-9.0.0/lib64/libascendalog.so"
[2026-03-25 14:09:25] -- alog_a_SHARED_LIBRARY="/home/j60100428/Ascend_0320/cann-9.0.0/lib64/libascendalog.so"
[2026-03-25 14:09:25] -- 
[2026-03-25 14:09:25]  Properties for TARGET slog_a:
[2026-03-25 14:09:25]    slog_a.INTERFACE_COMPILE_DEFINITIONS = "LOG_CPP;PROCESS_LOG"
[2026-03-25 14:09:25]    slog_a.INTERFACE_LINK_LIBRARIES = "alog_headers"
[2026-03-25 14:09:25]    slog_a.IMPORTED_LOCATION = "/home/j60100428/Ascend_0320/cann-9.0.0/lib64/libascendalog.so"
[2026-03-25 14:09:25] 
[2026-03-25 14:09:25] -- 
[2026-03-25 14:09:25]  Properties for TARGET alog_a:
[2026-03-25 14:09:25]    alog_a.INTERFACE_COMPILE_DEFINITIONS = "LOG_CPP;PROCESS_LOG"
[2026-03-25 14:09:25]    alog_a.INTERFACE_LINK_LIBRARIES = "alog_headers"
[2026-03-25 14:09:25]    alog_a.IMPORTED_LOCATION = "/home/j60100428/Ascend_0320/cann-9.0.0/lib64/libascendalog.so"
[2026-03-25 14:09:25] 
[2026-03-25 14:09:25] -- 
[2026-03-25 14:09:25]  Properties for TARGET alog_headers:
[2026-03-25 14:09:25]    alog_headers.INTERFACE_INCLUDE_DIRECTORIES = "/home/j60100428/Ascend_0320/cann-9.0.0/include;/home/j60100428/Ascend_0320/cann-9.0.0/include/base"
[2026-03-25 14:09:25] 
[2026-03-25 14:09:25] -- Could NOT find unified_dlog (missing: _INCLUDE_ROOT_DIR) 
[2026-03-25 14:09:25] -- === Debug: start ops.ops-transformer.attention.prompt_flash_attention.tests.CMakeLists.txt 
[2026-03-25 14:09:25] -- === Debug: CURRENT_DIRS =CMakeLists.txt;st;ut 
[2026-03-25 14:09:25] -- === Debug: CURRENT_DIRS =CMakeLists.txt;op_api;op_host 
[2026-03-25 14:09:25] -- _OpsTestUt_UTestCaseLibraries      = .
[2026-03-25 14:09:25] -- _OpsTestUt_UTestAclnnCaseLibraries = 
[2026-03-25 14:09:25] -- _OpsTestUt_UTestCaseLibraries and _OpsTestUt_UTestAclnnCaseLibraries both empty.
[2026-03-25 14:09:25] -- aicpu or host aicpu no need aclnn.
[2026-03-25 14:09:25] -- Skip proto update: /home/j60100428/ops-transformer_0319/attention/prompt_flash_attention
[2026-03-25 14:09:25] -- Start Generating es transformer for custom pkg
[2026-03-25 14:09:25] -- Generated helper script: /home/j60100428/ops-transformer_0319/build/cmake/run_gen_esb_with_lock.sh
[2026-03-25 14:09:25] -- _add_es_library_impl: EXCLUDE_OPS is not provided
[2026-03-25 14:09:25] -- add_es_package: Using default output directory: /home/j60100428/ops-transformer_0319/build
[2026-03-25 14:09:25] -- add_es_package: OPP_PROTO_TARGET output directory: /home/j60100428/ops-transformer_0319/build
[2026-03-25 14:09:25] -- add_es_package: Derived ASCEND_OPP_PATH: /home/j60100428/ops-transformer_0319/build
[2026-03-25 14:09:25] --   - Created standard OPP path: /home/j60100428/ops-transformer_0319/build/es_transformer_cust_build/opp_standard_path_proto_transformer_cust
[2026-03-25 14:09:25] -- _add_es_library_impl: gen_esb target not found, searching in environment...
[2026-03-25 14:09:25] --     Found gen_esb in PATH (environment variables configured)
[2026-03-25 14:09:25] --     - gen_esb path: /home/j60100428/Ascend_0320/cann-9.0.0/bin/gen_esb
[2026-03-25 14:09:25] --     - library path: /home/j60100428/Ascend_0320/cann-9.0.0/lib64
[2026-03-25 14:09:25] -- Using proto library path (derived from OPP_PROTO_TARGET): /home/j60100428/ops-transformer_0319/build/es_transformer_cust_build/opp_standard_path_proto_transformer_cust
[2026-03-25 14:09:25] -- add_es_package: Module name for gen_esb: transformer_cust
[2026-03-25 14:09:25] -- [add_es_library] No history registry found at /home/j60100428/Ascend_0320/cann-9.0.0/opp/history_registry/transformer_cust, skipping
[2026-03-25 14:09:25] -- Trying to locate eager_style_graph_builder_base library from run package...
[2026-03-25 14:09:25] --   Found library in run package: /home/j60100428/Ascend_0320/cann-9.0.0/lib64/libeager_style_graph_builder_base.so
[2026-03-25 14:09:25] -- Configuring ES package: es_transformer_cust
[2026-03-25 14:09:25] --   - Exported target: es_transformer_cust (public interface)
[2026-03-25 14:09:25] --   - Internal .obj target: es_transformer_cust_obj (compile once)
[2026-03-25 14:09:25] --   - Internal .so target: es_transformer_cust_so
[2026-03-25 14:09:25] --   - Internal .a target: es_transformer_cust_a
[2026-03-25 14:09:25] --   - Module name (for gen_esb): transformer_cust
[2026-03-25 14:09:25] --   - OPP proto target: proto_transformer_cust
[2026-03-25 14:09:25] --   - OPP proto path: /home/j60100428/ops-transformer_0319/build/es_transformer_cust_build/opp_standard_path_proto_transformer_cust
[2026-03-25 14:09:25] --   - Output path: /home/j60100428/ops-transformer_0319/build/es_packages
[2026-03-25 14:09:25] --   - Library files: libes_transformer_cust.so, libes_transformer_cust.a
[2026-03-25 14:09:25] --   - Python package: es_transformer_cust
[2026-03-25 14:09:25] -- ES package 'es_transformer_cust' using single-file compilation mode
[2026-03-25 14:09:25] --   - Wrapper file: /home/j60100428/ops-transformer_0319/build/es_transformer_cust_build/generated_code/es_transformer_cust_all_in_one.cpp
[2026-03-25 14:09:25] --   - Module name: transformer_cust
[2026-03-25 14:09:25] -- add_es_library: Using default compile options: -fPIC;-Wall;-fstack-protector-all;-std=c++17;-D_GLIBCXX_USE_CXX11_ABI=0;-O2;-Wno-free-nonheap-object
[2026-03-25 14:09:25] -- add_es_library: Set _GLIBCXX_USE_CXX11_ABI=0 for ABI compatibility
[2026-03-25 14:09:25] -- add_es_library: Deduced header base path from cmake file: /home/j60100428/Ascend_0320/cann-9.0.0
[2026-03-25 14:09:25] -- add_es_library: metadef_headers target not found, skipping
[2026-03-25 14:09:25] -- add_es_library: Found c_sec target
[2026-03-25 14:09:25] -- add_es_library: Linking with CANN libraries: c_sec
[2026-03-25 14:09:25] -- add_es_package: 'build_es_transformer_cust' is the first ES package (will be built first)
[2026-03-25 14:09:25] -- ES package 'es_transformer_cust' configured successfully (single-file mode):
[2026-03-25 14:09:25] --   - Exported target (for linking): es_transformer_cust
[2026-03-25 14:09:25] --   - Build target: build_es_transformer_cust
[2026-03-25 14:09:25] --   - Wrapper file: /home/j60100428/ops-transformer_0319/build/es_transformer_cust_build/generated_code/es_transformer_cust_all_in_one.cpp
[2026-03-25 14:09:25] --   - Internal targets:
[2026-03-25 14:09:25] --     * Code generation: generate_es_transformer_cust_code
[2026-03-25 14:09:25] --     * Object library: es_transformer_cust_obj (compiled once)
[2026-03-25 14:09:25] --     * Shared library: es_transformer_cust_so
[2026-03-25 14:09:25] --     * Static library: es_transformer_cust_a
[2026-03-25 14:09:25] --     * Wheel generation: generate_es_transformer_cust_whl
[2026-03-25 14:09:25] --     * Install: install_es_transformer_cust
[2026-03-25 14:09:25] --   - Library files: libes_transformer_cust.so, libes_transformer_cust.a
[2026-03-25 14:09:25] --   - Python package: es_transformer_cust
[2026-03-25 14:09:25] --   - ES base library: /home/j60100428/Ascend_0320/cann-9.0.0/lib64/libeager_style_graph_builder_base.so (from library)
[2026-03-25 14:09:25] -- 
[2026-03-25 14:09:25] -- Build mode: Single-file compilation (no reconfiguration needed)
[2026-03-25 14:09:25] -- 
[2026-03-25 14:09:25] -- Quick start:
[2026-03-25 14:09:25] --   1. Link:    target_link_libraries(your_target PRIVATE es_transformer_cust)
[2026-03-25 14:09:25] --   2. Build:   make your_target  (recommended, triggers automatically)
[2026-03-25 14:09:25] -- 
[2026-03-25 14:09:25] -- custom cust proto to es
[2026-03-25 14:09:25] -- Detected architecture: x86_64
[2026-03-25 14:09:25] -- End building custom package.
[2026-03-25 14:09:25] -- create aclnn master header file: /home/j60100428/ops-transformer_0319/build/aclnn_ops_transformer_custom.h
[2026-03-25 14:09:25] -- no operator info to generate
[2026-03-25 14:09:25] -- Start building custom package.
[2026-03-25 14:09:25] -- No aicpu json files to merge, skipping.
[2026-03-25 14:09:25] -- No aicpu cust obj targets found, skipping.
[2026-03-25 14:09:25] -- Configuring done
[2026-03-25 14:09:25] -- Generating done
[2026-03-25 14:09:25] -- Build files have been written to: /home/j60100428/ops-transformer_0319/build
[2026-03-25 14:09:25] ... transformer_op_host_ut
[2026-03-25 14:09:25] Building target: transformer_op_host_ut.
[2026-03-25 14:09:26] [  0%] Building CXX object attention/common/op_host/CMakeFiles/opbase_util_objs.dir/__/__/__/third_party/opbase/src/op_common/log/log.cpp.o
[2026-03-25 14:09:26] [  3%] Building CXX object attention/prompt_flash_attention/op_host/CMakeFiles/softmax_tiling_ut_stub.dir/__/__/__/tests/ut/framework_normal/common/softmax_tiling_mocker.cpp.o
[2026-03-25 14:09:26] [  7%] Building CXX object attention/common/op_host/CMakeFiles/opbase_util_objs.dir/__/__/__/third_party/opbase/src/op_common/op_host/util/fp16.cpp.o
[2026-03-25 14:09:26] [  7%] Building CXX object attention/prompt_flash_attention/tests/ut/op_host/arch32/CMakeFiles/transformer_op_tiling_ut_cases_obj.dir/test_prompt_flash_attention_tiling.cpp.o
[2026-03-25 14:09:26] [ 11%] Building CXX object tests/ut/framework_normal/op_host/CMakeFiles/transformer_op_tiling_ut_common_obj.dir/__/common/tiling_case_executor.cpp.o
[2026-03-25 14:09:26] [ 14%] Building CXX object attention/common/op_host/CMakeFiles/opbase_util_objs.dir/__/__/__/third_party/opbase/src/op_common/op_host/util/math_util.cpp.o
[2026-03-25 14:09:26] [ 18%] Building CXX object tests/ut/framework_normal/op_host/CMakeFiles/transformer_op_tiling_ut_common_obj.dir/__/common/tiling_context_faker.cpp.o
[2026-03-25 14:09:26] [ 25%] Building CXX object tests/ut/framework_normal/op_host/CMakeFiles/transformer_op_infershape_ut_common_obj.dir/__/common/infer_datatype_context_faker.cpp.o
[2026-03-25 14:09:26] [ 22%] Building CXX object attention/common/op_host/CMakeFiles/opbase_util_objs.dir/__/__/__/third_party/opbase/src/op_common/op_host/util/shape_util.cpp.o
[2026-03-25 14:09:26] [ 25%] Building CXX object tests/ut/framework_normal/op_host/CMakeFiles/transformer_op_infershape_ut_cases_obj.dir/__/empty.cpp.o
[2026-03-25 14:09:26] [ 29%] Building CXX object tests/ut/framework_normal/op_host/CMakeFiles/transformer_op_infershape_ut_common_obj.dir/__/common/infer_shape_case_executor.cpp.o
[2026-03-25 14:09:26] [ 29%] Building CXX object common/CMakeFiles/common_transformer_obj.dir/src/fallback_comm.cpp.o
[2026-03-25 14:09:26] [ 33%] Building CXX object attention/prompt_flash_attention/op_host/CMakeFiles/ophost_transformer_infer_obj.dir/prompt_flash_attention_infershape.cpp.o
[2026-03-25 14:09:26] [ 33%] Building CXX object tests/ut/framework_normal/op_host/CMakeFiles/transformer_op_infershape_ut_common_obj.dir/__/common/infer_shape_context_faker.cpp.o
[2026-03-25 14:09:26] [ 37%] Building CXX object common/CMakeFiles/common_transformer_obj.dir/src/fallback_comm_2stages.cpp.o
[2026-03-25 14:09:26] [ 33%] Building CXX object attention/prompt_flash_attention/op_host/CMakeFiles/ophost_transformer_infer_obj.dir/__/__/common/op_host/proto_stub.cpp.o
[2026-03-25 14:09:26] [ 44%] Building CXX object tests/ut/framework_normal/op_host/CMakeFiles/transformer_op_infershape_ut_common_obj.dir/__/common/infer_shaperange_context_faker.cpp.o
[2026-03-25 14:09:26] [ 44%] Building CXX object common/CMakeFiles/common_transformer_obj.dir/src/tiling_base/tiling_util.cpp.o
[2026-03-25 14:09:26] [ 48%] Building CXX object attention/prompt_flash_attention/op_host/CMakeFiles/ophost_transformer_tiling_obj.dir/fallback_prompt_flash_attention.cpp.o
[2026-03-25 14:09:26] [ 51%] Building CXX object attention/common/op_host/CMakeFiles/opbase_infer_objs.dir/__/__/__/third_party/opbase/src/op_common/op_host/infershape_broadcast_util.cpp.o
[2026-03-25 14:09:26] [ 51%] Building CXX object attention/prompt_flash_attention/op_host/CMakeFiles/ophost_transformer_tiling_obj.dir/prompt_flash_attention_tiling.cpp.o
[2026-03-25 14:09:26] [ 51%] Building CXX object attention/common/op_host/CMakeFiles/opbase_infer_objs.dir/__/__/__/third_party/opbase/src/op_common/op_host/infershape_elewise_util.cpp.o
[2026-03-25 14:09:26] [ 55%] Building CXX object attention/prompt_flash_attention/op_host/CMakeFiles/ophost_transformer_tiling_obj.dir/prompt_flash_attention_tiling_arch38.cpp.o
[2026-03-25 14:09:26] [ 59%] Building CXX object attention/common/op_host/CMakeFiles/opbase_tiling_objs.dir/__/__/__/third_party/opbase/src/op_common/atvoss/broadcast/broadcast_tiling.cpp.o
[2026-03-25 14:09:26] [ 62%] Building CXX object attention/common/op_host/CMakeFiles/opbase_infer_objs.dir/__/__/__/third_party/opbase/src/op_common/op_host/infershape_reduce_util.cpp.o
[2026-03-25 14:09:26] [ 66%] Building CXX object attention/prompt_flash_attention/op_host/CMakeFiles/ophost_transformer_tiling_obj.dir/prompt_flash_attention_tiling_register.cpp.o
[2026-03-25 14:09:26] [ 66%] Building CXX object attention/common/op_host/CMakeFiles/opbase_tiling_objs.dir/__/__/__/third_party/opbase/src/op_common/atvoss/broadcast/broadcast_tiling_base.cpp.o
[2026-03-25 14:09:26] [ 70%] Building CXX object attention/common/op_host/CMakeFiles/opbase_tiling_objs.dir/__/__/__/third_party/opbase/src/op_common/atvoss/broadcast/broadcast_tiling_noncontiguous.cpp.o
[2026-03-25 14:09:26] [ 70%] Building CXX object attention/prompt_flash_attention/op_host/CMakeFiles/ophost_transformer_tiling_obj.dir/prompt_flash_attention_tiling_v2.cpp.o
[2026-03-25 14:09:26] [ 74%] Building CXX object attention/common/op_host/CMakeFiles/opbase_tiling_objs.dir/__/__/__/third_party/opbase/src/op_common/atvoss/elewise/elewise_tiling.cpp.o
[2026-03-25 14:09:26] [ 77%] Building CXX object attention/prompt_flash_attention/op_host/CMakeFiles/ophost_transformer_tiling_obj.dir/__/__/common/op_host/fia_tiling_info.cpp.o
[2026-03-25 14:09:26] [ 81%] Building CXX object attention/common/op_host/CMakeFiles/opbase_tiling_objs.dir/__/__/__/third_party/opbase/src/op_common/atvoss/reduce/reduce_tiling.cpp.o
[2026-03-25 14:09:26] [ 85%] Building CXX object attention/prompt_flash_attention/op_host/CMakeFiles/ophost_transformer_tiling_obj.dir/__/__/common/op_host/fia_tiling_shape.cpp.o
[2026-03-25 14:09:26] [ 85%] Built target transformer_op_infershape_ut_cases_obj
[2026-03-25 14:09:26] [ 85%] Built target opbase_util_objs
[2026-03-25 14:09:27] [ 85%] Linking CXX shared library libsoftmax_tiling_ut_stub.so
[2026-03-25 14:09:27] [ 85%] Built target softmax_tiling_ut_stub
[2026-03-25 14:09:27] [ 85%] Built target common_transformer_obj
[2026-03-25 14:09:27] [ 85%] Built target opbase_infer_objs
[2026-03-25 14:09:28] [ 85%] Built target transformer_op_infershape_ut_common_obj
[2026-03-25 14:09:28] [ 85%] Linking CXX static library libtransformer_op_infershape_ut_cases.a
[2026-03-25 14:09:28] [ 85%] Built target transformer_op_infershape_ut_cases
[2026-03-25 14:09:28] [ 85%] Built target opbase_tiling_objs
[2026-03-25 14:09:29] [ 85%] Built target ophost_transformer_infer_obj
[2026-03-25 14:09:32] [ 85%] Built target transformer_op_tiling_ut_common_obj
[2026-03-25 14:09:33] [ 85%] Built target transformer_op_tiling_ut_cases_obj
[2026-03-25 14:09:33] [ 88%] Linking CXX static library libtransformer_op_tiling_ut_cases.a
[2026-03-25 14:09:33] [ 88%] Built target transformer_op_tiling_ut_cases
[2026-03-25 14:10:09] [ 88%] Built target ophost_transformer_tiling_obj
[2026-03-25 14:10:09] [ 92%] Linking CXX shared library libophost_transformer_ut.so
[2026-03-25 14:10:11] [ 92%] Built target ophost_transformer_ut
[2026-03-25 14:10:11] [ 96%] Building CXX object tests/ut/framework_normal/op_host/CMakeFiles/transformer_op_host_ut.dir/test_op_host_main.cpp.o
[2026-03-25 14:10:13] [100%] Linking CXX executable transformer_op_host_ut
[2026-03-25 14:10:13] Run ops op_host utest with asan
[2026-03-25 14:10:14] [==========] Running 1 test from 1 test suite.
[2026-03-25 14:10:14] [----------] Global test environment set-up.
[2026-03-25 14:10:14] Global Environment SetpUp.
[2026-03-25 14:10:14] 20260320 j60100428 runtime Init
[2026-03-25 14:10:14] 20260320 j60100428 ops-transformer OptionalInfos Init
[2026-03-25 14:10:14] 20260320 j60100428 runtime soc_version: Ascend910B
[2026-03-25 14:10:14] 20260320 j60100428 runtime SetSocVersion: Ascend910B
[2026-03-25 14:10:14] 20260320 j60100428 ops-transformer OptionalInfos SetSocVersion
[2026-03-25 14:10:14] [----------] 1 test from PromptFlashAttentionTiling
[2026-03-25 14:10:14] PromptFlashAttentionTiling SetUp
[2026-03-25 14:10:14] [ RUN      ] PromptFlashAttentionTiling.PromptFlashAttention_910b_tiling_0
[2026-03-25 14:10:14] [INFO] RUNTIME(2784628,transformer_op_host_ut):2026-03-25-14:10:14.219.081 [task_fail_callback_data_manager.cc:93] 2784628 TaskFailCallBackManager: Constructor.
[2026-03-25 14:10:14] [INFO] RUNTIME(2784628,transformer_op_host_ut):2026-03-25-14:10:14.219.120 [xpu_task_fail_callback_data_manager.cc:59] 2784628 XpuTaskFailCallBackManager: XpuTaskFailCallBackManager Constructor.
[2026-03-25 14:10:14] [INFO] RUNTIME(2784628,transformer_op_host_ut):2026-03-25-14:10:14.220.576 [runtime_keeper.cc:184] 2784628 CreateRuntimeImpl: Open libruntime_v100.so successfully
[2026-03-25 14:10:14] [INFO] RUNTIME(2784628,transformer_op_host_ut):2026-03-25-14:10:14.220.976 [stream_mem_pool.cc:380] 2784628 ~PoolRegistry: SOMA PoolRegistry destructor.
[2026-03-25 14:10:14] [INFO] RUNTIME(2784628,transformer_op_host_ut):2026-03-25-14:10:14.220.991 [runtime_adapt.cc:57] 2784628 ~Runtime: runtime destructor.
[2026-03-25 14:10:14] [INFO] RUNTIME(2784628,transformer_op_host_ut):2026-03-25-14:10:14.220.994 [runtime.cc:1381] 2784628 WaitMonitorExit: wait monitor success, used count=0.
[2026-03-25 14:10:14] [INFO] RUNTIME(2784628,transformer_op_host_ut):2026-03-25-14:10:14.222.756 [xpu_task_fail_callback_data_manager.cc:64] 2784628 ~XpuTaskFailCallBackManager: XpuTaskFailCallBackManager Destructor.
[2026-03-25 14:10:14] [INFO] RUNTIME(2784628,transformer_op_host_ut):2026-03-25-14:10:14.222.768 [task_fail_callback_data_manager.cc:98] 2784628 ~TaskFailCallBackManager: Destructor.
[2026-03-25 14:10:14] [ERROR] ASCENDCKERNEL(2784628,transformer_op_host_ut):2026-03-25-14:10:14.420.060 [platform_ascendc.cpp:517][PlatformAscendCInit] 20260320 j60100428 asc-devkit PlatformAscendCInit customSocVersion: (null)
[2026-03-25 14:10:14] [ERROR] ASCENDCKERNEL(2784628,transformer_op_host_ut):2026-03-25-14:10:14.420.102 [platform_ascendc.cpp:518][PlatformAscendCInit] 20260320 j60100428 asc-devkit PlatformAscendCInit socVersion: UnknowSocType
[2026-03-25 14:10:14] [ERROR] FE(2784628,transformer_op_host_ut):2026-03-25-14:10:14.420.293 [platform_info.cpp:110]2784628 LoadIniFile:Failed to open conf file, it does not exist or is already opened.
[2026-03-25 14:10:14] [ERROR] FE(2784628,transformer_op_host_ut):2026-03-25-14:10:14.420.308 [platform_info.cpp:1170]2784628 InitRuntimePlatformInfos:Failed to load ini file[/home/j60100428/Ascend_0320/cann-9.0.0/x86_64-linux/data/platform_config/UnknowSocType.ini].
[2026-03-25 14:10:14] [ERROR] FE(2784628,transformer_op_host_ut):2026-03-25-14:10:14.420.321 [platform_info.cpp:1007]2784628 GetPlatformInfos:Cannot find platform_info by SoCVersion UnknowSocType.
[2026-03-25 14:10:14] [ERROR] ASCENDCKERNEL(2784628,transformer_op_host_ut):2026-03-25-14:10:14.420.330 [platform_ascendc.cpp:314][SocVersionMap] 20260320 j60100428 asc-devkit SocVersionMap
[2026-03-25 14:10:14] [ERROR] ASCENDCKERNEL(2784628,transformer_op_host_ut):2026-03-25-14:10:14.420.341 [platform_ascendc.cpp:75][SocVersionStrMap] get platform failed, convertMap do not find soc  version
[2026-03-25 14:10:14] [ERROR] ASCENDCKERNEL(2784628,transformer_op_host_ut):2026-03-25-14:10:14.420.352 [platform_ascendc.cpp:531][PlatformAscendCInit] Invalid SocVersion.
[2026-03-25 14:10:14] [ERROR] ASCENDCKERNEL(2784628,transformer_op_host_ut):2026-03-25-14:10:14.420.361 [../../../../impl/adv_api/tiling/activation/softmax_tiling.cpp:141][GetSoftMaxMinTmpSize] Failed to get PlatformAscendC.
[2026-03-25 14:10:14] [ERROR] ASCENDCKERNEL(2784628,transformer_op_host_ut):2026-03-25-14:10:14.420.539 [../../../../impl/adv_api/tiling/activation/softmax_tiling.cpp:631][GetSoftMaxFlashV2MinTmpSize] Failed to get PlatformAscendC.
[2026-03-25 14:10:14] [ERROR] ASCENDCKERNEL(2784628,transformer_op_host_ut):2026-03-25-14:10:14.420.623 [../../../../impl/adv_api/tiling/activation/softmax_tiling.cpp:141][GetSoftMaxMinTmpSize] Failed to get PlatformAscendC.
[2026-03-25 14:10:14] [ERROR] ASCENDCKERNEL(2784628,transformer_op_host_ut):2026-03-25-14:10:14.420.701 [../../../../impl/adv_api/tiling/activation/softmax_tiling.cpp:631][GetSoftMaxFlashV2MinTmpSize] Failed to get PlatformAscendC.
[2026-03-25 14:10:14] [ERROR] ASCENDCKERNEL(2784628,transformer_op_host_ut):2026-03-25-14:10:14.420.784 [../../../../impl/adv_api/tiling/activation/softmax_tiling.cpp:141][GetSoftMaxMinTmpSize] Failed to get PlatformAscendC.
[2026-03-25 14:10:14] [ERROR] ASCENDCKERNEL(2784628,transformer_op_host_ut):2026-03-25-14:10:14.420.885 [../../../../impl/adv_api/tiling/activation/softmax_tiling.cpp:631][GetSoftMaxFlashV2MinTmpSize] Failed to get PlatformAscendC.
[2026-03-25 14:10:14] [ERROR] ASCENDCKERNEL(2784628,transformer_op_host_ut):2026-03-25-14:10:14.420.957 [../../../../impl/adv_api/tiling/activation/softmax_tiling.cpp:141][GetSoftMaxMinTmpSize] Failed to get PlatformAscendC.
[2026-03-25 14:10:14] [ERROR] ASCENDCKERNEL(2784628,transformer_op_host_ut):2026-03-25-14:10:14.421.030 [../../../../impl/adv_api/tiling/activation/softmax_tiling.cpp:631][GetSoftMaxFlashV2MinTmpSize] Failed to get PlatformAscendC.
[2026-03-25 14:10:14] [ERROR] ASCENDCKERNEL(2784628,transformer_op_host_ut):2026-03-25-14:10:14.421.099 [../../../../impl/adv_api/tiling/activation/softmax_tiling.cpp:141][GetSoftMaxMinTmpSize] Failed to get PlatformAscendC.
[2026-03-25 14:10:14] [ERROR] ASCENDCKERNEL(2784628,transformer_op_host_ut):2026-03-25-14:10:14.421.170 [../../../../impl/adv_api/tiling/activation/softmax_tiling.cpp:631][GetSoftMaxFlashV2MinTmpSize] Failed to get PlatformAscendC.
[2026-03-25 14:10:14] [ERROR] ASCENDCKERNEL(2784628,transformer_op_host_ut):2026-03-25-14:10:14.421.248 [../../../../impl/adv_api/tiling/activation/softmax_tiling.cpp:141][GetSoftMaxMinTmpSize] Failed to get PlatformAscendC.
[2026-03-25 14:10:14] [ERROR] ASCENDCKERNEL(2784628,transformer_op_host_ut):2026-03-25-14:10:14.421.342 [../../../../impl/adv_api/tiling/activation/softmax_tiling.cpp:631][GetSoftMaxFlashV2MinTmpSize] Failed to get PlatformAscendC.
[2026-03-25 14:10:14] [ERROR] ASCENDCKERNEL(2784628,transformer_op_host_ut):2026-03-25-14:10:14.421.410 [../../../../impl/adv_api/tiling/activation/softmax_tiling.cpp:141][GetSoftMaxMinTmpSize] Failed to get PlatformAscendC.
[2026-03-25 14:10:14] [ERROR] ASCENDCKERNEL(2784628,transformer_op_host_ut):2026-03-25-14:10:14.421.478 [../../../../impl/adv_api/tiling/activation/softmax_tiling.cpp:631][GetSoftMaxFlashV2MinTmpSize] Failed to get PlatformAscendC.
[2026-03-25 14:10:14] [ERROR] ASCENDCKERNEL(2784628,transformer_op_host_ut):2026-03-25-14:10:14.421.552 [../../../../impl/adv_api/tiling/activation/softmax_tiling.cpp:141][GetSoftMaxMinTmpSize] Failed to get PlatformAscendC.
[2026-03-25 14:10:14] [ERROR] ASCENDCKERNEL(2784628,transformer_op_host_ut):2026-03-25-14:10:14.421.620 [../../../../impl/adv_api/tiling/activation/softmax_tiling.cpp:631][GetSoftMaxFlashV2MinTmpSize] Failed to get PlatformAscendC.
[2026-03-25 14:10:14] [ERROR] ASCENDCKERNEL(2784628,transformer_op_host_ut):2026-03-25-14:10:14.421.688 [../../../../impl/adv_api/tiling/activation/softmax_tiling.cpp:141][GetSoftMaxMinTmpSize] Failed to get PlatformAscendC.
[2026-03-25 14:10:14] [ERROR] ASCENDCKERNEL(2784628,transformer_op_host_ut):2026-03-25-14:10:14.421.781 [../../../../impl/adv_api/tiling/activation/softmax_tiling.cpp:631][GetSoftMaxFlashV2MinTmpSize] Failed to get PlatformAscendC.
[2026-03-25 14:10:14] [ERROR] ASCENDCKERNEL(2784628,transformer_op_host_ut):2026-03-25-14:10:14.421.891 [../../../../impl/adv_api/tiling/activation/softmax_tiling.cpp:141][GetSoftMaxMinTmpSize] Failed to get PlatformAscendC.
[2026-03-25 14:10:14] [ERROR] ASCENDCKERNEL(2784628,transformer_op_host_ut):2026-03-25-14:10:14.421.960 [../../../../impl/adv_api/tiling/activation/softmax_tiling.cpp:631][GetSoftMaxFlashV2MinTmpSize] Failed to get PlatformAscendC.
[2026-03-25 14:10:14] [ERROR] ASCENDCKERNEL(2784628,transformer_op_host_ut):2026-03-25-14:10:14.422.038 [../../../../impl/adv_api/tiling/activation/softmax_tiling.cpp:141][GetSoftMaxMinTmpSize] Failed to get PlatformAscendC.
[2026-03-25 14:10:14] [ERROR] ASCENDCKERNEL(2784628,transformer_op_host_ut):2026-03-25-14:10:14.422.130 [../../../../impl/adv_api/tiling/activation/softmax_tiling.cpp:631][GetSoftMaxFlashV2MinTmpSize] Failed to get PlatformAscendC.
[2026-03-25 14:10:14] [ERROR] ASCENDCKERNEL(2784628,transformer_op_host_ut):2026-03-25-14:10:14.422.215 [../../../../impl/adv_api/tiling/activation/softmax_tiling.cpp:141][GetSoftMaxMinTmpSize] Failed to get PlatformAscendC.
[2026-03-25 14:10:14] [ERROR] ASCENDCKERNEL(2784628,transformer_op_host_ut):2026-03-25-14:10:14.422.298 [../../../../impl/adv_api/tiling/activation/softmax_tiling.cpp:631][GetSoftMaxFlashV2MinTmpSize] Failed to get PlatformAscendC.
[2026-03-25 14:10:14] [ERROR] ASCENDCKERNEL(2784628,transformer_op_host_ut):2026-03-25-14:10:14.422.393 [../../../../impl/adv_api/tiling/activation/softmax_tiling.cpp:141][GetSoftMaxMinTmpSize] Failed to get PlatformAscendC.
[2026-03-25 14:10:14] [ERROR] ASCENDCKERNEL(2784628,transformer_op_host_ut):2026-03-25-14:10:14.422.475 [../../../../impl/adv_api/tiling/activation/softmax_tiling.cpp:631][GetSoftMaxFlashV2MinTmpSize] Failed to get PlatformAscendC.
[2026-03-25 14:10:14] [ERROR] ASCENDCKERNEL(2784628,transformer_op_host_ut):2026-03-25-14:10:14.422.538 [../../../../impl/adv_api/tiling/activation/softmax_tiling.cpp:141][GetSoftMaxMinTmpSize] Failed to get PlatformAscendC.
[2026-03-25 14:10:14] [ERROR] ASCENDCKERNEL(2784628,transformer_op_host_ut):2026-03-25-14:10:14.422.682 [../../../../impl/adv_api/tiling/activation/softmax_tiling.cpp:631][GetSoftMaxFlashV2MinTmpSize] Failed to get PlatformAscendC.
[2026-03-25 14:10:14] [ERROR] ASCENDCKERNEL(2784628,transformer_op_host_ut):2026-03-25-14:10:14.422.754 [../../../../impl/adv_api/tiling/activation/softmax_tiling.cpp:141][GetSoftMaxMinTmpSize] Failed to get PlatformAscendC.
[2026-03-25 14:10:14] [ERROR] ASCENDCKERNEL(2784628,transformer_op_host_ut):2026-03-25-14:10:14.422.837 [../../../../impl/adv_api/tiling/activation/softmax_tiling.cpp:631][GetSoftMaxFlashV2MinTmpSize] Failed to get PlatformAscendC.
[2026-03-25 14:10:14] [ERROR] ASCENDCKERNEL(2784628,transformer_op_host_ut):2026-03-25-14:10:14.422.899 [../../../../impl/adv_api/tiling/activation/softmax_tiling.cpp:141][GetSoftMaxMinTmpSize] Failed to get PlatformAscendC.
[2026-03-25 14:10:14] [ERROR] ASCENDCKERNEL(2784628,transformer_op_host_ut):2026-03-25-14:10:14.422.966 [../../../../impl/adv_api/tiling/activation/softmax_tiling.cpp:631][GetSoftMaxFlashV2MinTmpSize] Failed to get PlatformAscendC.
[2026-03-25 14:10:14] [ERROR] OP(2784628,transformer_op_host_ut):2026-03-25-14:10:14.422.996 [/home/j60100428/ops-transformer_0319/attention/prompt_flash_attention/op_host/prompt_flash_attention_tiling.cpp:6281][OPS_BASE][FindOptimalTilingSouter][2784628] OpName:[PromptFlashAttention] cannot find valid sOuterFactor, sInnerFactor and softmaxSOuterFactor!
[2026-03-25 14:10:14] [ERROR] OP(2784628,transformer_op_host_ut):2026-03-25-14:10:14.461.571 [/home/j60100428/ops-transformer_0319/attention/prompt_flash_attention/op_host/prompt_flash_attention_tiling.cpp:6155][OPS_BASE][PromptFlashAttentionComputeCVDiffParams][2784628] OpName:[PromptFlashAttention] FindOptimalTilingBasicBLock failed!
[2026-03-25 14:10:14make[3]: *** [tests/ut/framework_normal/op_host/CMakeFiles/transformer_op_host_ut.dir/build.make:117: tests/ut/framework_normal/op_host/transformer_op_host_ut] Error 1
make[3]: *** Deleting file 'tests/ut/framework_normal/op_host/transformer_op_host_ut'
make[2]: *** [CMakeFiles/Makefile2:2000: tests/ut/framework_normal/op_host/CMakeFiles/transformer_op_host_ut.dir/all] Error 2
make[1]: *** [CMakeFiles/Makefile2:2007: tests/ut/framework_normal/op_host/CMakeFiles/transformer_op_host_ut.dir/rule] Error 2
make: *** [Makefile:865: transformer_op_host_ut] Error 2
] [ERROR] OP(2784628,transformer_op_host_ut):2026-03-25-14:10:14.461.639 [/home/j60100428/ops-transformer_0319/attention/prompt_flash_attention/op_host/prompt_flash_attention_tiling.cpp:6478][OPS_BASE][AdjustCVTilingCVDiff][2784628] OpName:[PromptFlashAttention] PromptFlashAttentionComputeCVDiffParams failed!
[2026-03-25 14:10:14] [ERROR] OP(2784628,transformer_op_host_ut):2026-03-25-14:10:14.461.663 [/home/j60100428/ops-transformer_0319/attention/prompt_flash_attention/op_host/prompt_flash_attention_tiling.cpp:4975][OPS_BASE][RunBigKernelTilingWithParams][2784628] OpName:[PromptFlashAttention] adjust tiling cv diff fail
[2026-03-25 14:10:14] 修改已生效
[2026-03-25 14:10:14] /home/j60100428/ops-transformer_0319/tests/ut/framework_normal/common/tiling_case_executor.cpp:311: Failure
[2026-03-25 14:10:14] Expected equality of these values:
[2026-03-25 14:10:14]   tilingRet
[2026-03-25 14:10:14]     Which is: 4294967295
[2026-03-25 14:10:14]   expectResult
[2026-03-25 14:10:14]     Which is: 0
[2026-03-25 14:10:14] 
[2026-03-25 14:10:14] [  FAILED  ] PromptFlashAttentionTiling.PromptFlashAttention_910b_tiling_0 (245 ms)
[2026-03-25 14:10:14] PromptFlashAttentionTiling TearDown
[2026-03-25 14:10:14] [----------] 1 test from PromptFlashAttentionTiling (245 ms total)
[2026-03-25 14:10:14] 
[2026-03-25 14:10:14] [----------] Global test environment tear-down
[2026-03-25 14:10:14] Global Environment TearDown
[2026-03-25 14:10:14] [==========] 1 test from 1 test suite ran. (452 ms total)
[2026-03-25 14:10:14] [  PASSED  ] 0 tests.
[2026-03-25 14:10:14] [  FAILED  ] 1 test, listed below:
[2026-03-25 14:10:14] [  FAILED  ] PromptFlashAttentionTiling.PromptFlashAttention_910b_tiling_0
[2026-03-25 14:10:14] 
[2026-03-25 14:10:14]  1 FAILED TEST
[2026-03-25 14:10:14] [ERROR] Build failed for target: transformer_op_host_ut.
