[2026-03-19 14:00:05] Warning: The current environment is configured for ascend910b, Please use Atlas A2 series hardware for optimal performance.
[2026-03-19 14:00:05] ----------------------------------------------------------------
[2026-03-19 14:00:05] Start to build ut
[2026-03-19 14:00:06] -- The C compiler identification is GNU 9.4.0
[2026-03-19 14:00:06] -- The CXX compiler identification is GNU 9.4.0
[2026-03-19 14:00:06] -- Detecting C compiler ABI info
[2026-03-19 14:00:06] -- Detecting C compiler ABI info - done
[2026-03-19 14:00:06] -- Check for working C compiler: /usr/bin/cc - skipped
[2026-03-19 14:00:06] -- Detecting C compile features
[2026-03-19 14:00:06] -- Detecting C compile features - done
[2026-03-19 14:00:06] -- Detecting CXX compiler ABI info
[2026-03-19 14:00:06] -- Detecting CXX compiler ABI info - done
[2026-03-19 14:00:06] -- Check for working CXX compiler: /usr/bin/c++ - skipped
[2026-03-19 14:00:06] -- Detecting CXX compile features
[2026-03-19 14:00:06] -- Detecting CXX compile features - done
[2026-03-19 14:00:06] -- ASCEND_CANN_PACKAGE_PATH=/home/j60100428/Ascend_0319/cann-9.0.0
[2026-03-19 14:00:06] -- compile project with library
[2026-03-19 14:00:06] -- Find opbase source dir: /home/j60100428/ops-transformer_0319/third_party/opbase
[2026-03-19 14:00:07] -- Found Python3: /root/miniconda3/envs/jpy38/bin/python3.8 (found version "3.8.20") found components: Interpreter 
[2026-03-19 14:00:07] -- ENABLE_CCACHE=ON, CUSTOM_CCACHE=
[2026-03-19 14:00:07] -- CCACHE_PROGRAM=CCACHE_PROGRAM-NOTFOUND
[2026-03-19 14:00:07] -- ASCEND_COMPUTE_UNIT=ascend910b;
[2026-03-19 14:00:07] -- ASCEND_OP_NAME=sparse_flash_attention
[2026-03-19 14:00:07] -- TILING_KEY=
[2026-03-19 14:00:07] -- TESTS_UT_OPS_TEST=sparse_flash_attention
[2026-03-19 14:00:07] -- TESTS_EXAMPLE_OPS_TEST=
[2026-03-19 14:00:07] -- CMAKE_BUILD_TYPE=Debug
[2026-03-19 14:00:07] -- VERSION=
[2026-03-19 14:00:07] -- CMAKE_CXX_COMPILER_ID=GNU
[2026-03-19 14:00:07] -- Found json: /home/j60100428/ops-transformer_0319/third_party/json/include  
[2026-03-19 14:00:07] -- Found gtest: /home/j60100428/ops-transformer_0319/third_party/gtest/include  
[2026-03-19 14:00:07] -- Start building custom package.
[2026-03-19 14:00:07] -- Search libs under install path /home/j60100428/Ascend_0319/cann-9.0.0
[2026-03-19 14:00:07] -- CMAKE_MODULE_PATH            :/home/j60100428/ops-transformer_0319/cmake/modules;/home/j60100428/Ascend_0319/cann-9.0.0/include/ge/cmake
[2026-03-19 14:00:07] -- compile option:  -O0 -g -Wall -Wextra -Wshadow -Wformat=2 -fno-common -fPIC -Wformat-signedness -Wno-missing-include-dirs -Wno-write-strings
[2026-03-19 14:00:07] -- Found dlog: /home/j60100428/Ascend_0319/cann-9.0.0/pkg_inc/base  
[2026-03-19 14:00:07] -- Transformer Variables in dlog module:
[2026-03-19 14:00:07] -- dlog_TRANSFORMER_INCLUDE_DIR="/home/j60100428/Ascend_0319/cann-9.0.0/pkg_inc/base"
[2026-03-19 14:00:07] -- dlog_SHARED_LIBRARY="/home/j60100428/Ascend_0319/cann-9.0.0/lib64/libascendalog.so"
[2026-03-19 14:00:07] -- 
[2026-03-19 14:00:07]  Properties for TARGET dlog:
[2026-03-19 14:00:07]    dlog.INTERFACE_COMPILE_DEFINITIONS = "LOG_CPP;PROCESS_LOG"
[2026-03-19 14:00:07]    dlog.INTERFACE_LINK_LIBRARIES = "dlog_headers"
[2026-03-19 14:00:07]    dlog.IMPORTED_LOCATION = "/home/j60100428/Ascend_0319/cann-9.0.0/lib64/libascendalog.so"
[2026-03-19 14:00:07] 
[2026-03-19 14:00:07] -- 
[2026-03-19 14:00:07]  Properties for TARGET dlog_headers:
[2026-03-19 14:00:07]    dlog_headers.INTERFACE_INCLUDE_DIRECTORIES = "/home/j60100428/Ascend_0319/cann-9.0.0/pkg_inc/base"
[2026-03-19 14:00:07] 
[2026-03-19 14:00:07] -- Found securec: /home/j60100428/Ascend_0319/cann-9.0.0/include  
[2026-03-19 14:00:07] -- Found OPBASE: /home/j60100428/ops-transformer_0319/third_party/opbase/pkg_inc  
[2026-03-19 14:00:07] -- Found OPABSE include:/home/j60100428/ops-transformer_0319/third_party/opbase/pkg_inc
[2026-03-19 14:00:07] -- Found OPABSE lib:
[2026-03-19 14:00:07] -- Found platform: /home/j60100428/Ascend_0319/cann-9.0.0/include  
[2026-03-19 14:00:07] -- Found platform include:/home/j60100428/Ascend_0319/cann-9.0.0/x86_64-linux/include
[2026-03-19 14:00:07] -- Found register library:/home/j60100428/Ascend_0319/cann-9.0.0/x86_64-linux/lib64/libregister.so
[2026-03-19 14:00:07] -- Found opp_registry library:/home/j60100428/Ascend_0319/cann-9.0.0/x86_64-linux/lib64/libopp_registry.so
[2026-03-19 14:00:07] -- Found exe_graph library:/home/j60100428/Ascend_0319/cann-9.0.0/x86_64-linux/lib64/libexe_graph.so
[2026-03-19 14:00:07] -- Found graph_base library:/home/j60100428/Ascend_0319/cann-9.0.0/x86_64-linux/lib64/libgraph_base.so
[2026-03-19 14:00:07] -- Found error_manager library:/home/j60100428/Ascend_0319/cann-9.0.0/x86_64-linux/lib64/liberror_manager.so
[2026-03-19 14:00:07] -- Found metadef library:/home/j60100428/Ascend_0319/cann-9.0.0/x86_64-linux/lib64/libmetadef.so
[2026-03-19 14:00:07] -- Found rt2_registry library:/home/j60100428/Ascend_0319/cann-9.0.0/x86_64-linux/lib64/librt2_registry.a
[2026-03-19 14:00:07] -- Found metadef: /home/j60100428/Ascend_0319/cann-9.0.0/include  
[2026-03-19 14:00:07] -- Found source metadef include dir:  /home/j60100428/Ascend_0319/cann-9.0.0/x86_64-linux/include/;/home/j60100428/Ascend_0319/cann-9.0.0/x86_64-linux/include/exe_graph
[2026-03-19 14:00:07] -- Found graph library:/home/j60100428/Ascend_0319/cann-9.0.0/x86_64-linux/lib64/libgraph.so
[2026-03-19 14:00:07] -- Found source acl include dir:  /home/j60100428/Ascend_0319/cann-9.0.0/x86_64-linux/include
[2026-03-19 14:00:07] -- [transformer]Found source npuruntime include dir: /home/j60100428/Ascend_0319/cann-9.0.0/x86_64-linux/pkg_inc/runtime
[2026-03-19 14:00:07] -- Found aclnn include dir:  /home/j60100428/Ascend_0319/cann-9.0.0/x86_64-linux/include
[2026-03-19 14:00:07] -- Found opdev include dir:  /home/j60100428/Ascend_0319/cann-9.0.0/x86_64-linux/include/aclnn
[2026-03-19 14:00:07] -- Found tilingapi include:/home/j60100428/Ascend_0319/cann-9.0.0/x86_64-linux/include
[2026-03-19 14:00:07] -- TILINGAPI_INC_DIRS: /home/j60100428/Ascend_0319/cann-9.0.0/x86_64-linux/include;/home/j60100428/Ascend_0319/cann-9.0.0/x86_64-linux/ascendc;/home/j60100428/Ascend_0319/cann-9.0.0/x86_64-linux/ascendc/include;/home/j60100428/Ascend_0319/cann-9.0.0/x86_64-linux/ascendc/include/highlevel_api;/home/j60100428/Ascend_0319/cann-9.0.0/x86_64-linux/ascendc/include/highlevel_api/lib;/home/j60100428/Ascend_0319/cann-9.0.0/x86_64-linux/ascendc/include/highlevel_api/impl;/home/j60100428/Ascend_0319/cann-9.0.0/x86_64-linux/ascendc/include/highlevel_api/tiling
[2026-03-19 14:00:07] -- Found tilingapi lib:/home/j60100428/Ascend_0319/cann-9.0.0/x86_64-linux/lib64/libtiling_api.a
[2026-03-19 14:00:07] -- Using AICPU include dirs: /home/j60100428/Ascend_0319/cann-9.0.0/x86_64-linux/include/experiment;/home/j60100428/Ascend_0319/cann-9.0.0/x86_64-linux/include/experiment/cce;/home/j60100428/Ascend_0319/cann-9.0.0/x86_64-linux/include/experiment/msprof;/home/j60100428/Ascend_0319/cann-9.0.0/x86_64-linux/pkg_inc/aicpu_common/context;/home/j60100428/Ascend_0319/cann-9.0.0/x86_64-linux/pkg_inc/aicpu_common/context/common;/home/j60100428/Ascend_0319/cann-9.0.0/x86_64-linux/pkg_inc/aicpu_common/context/cpu_proto;/home/j60100428/Ascend_0319/cann-9.0.0/x86_64-linux/pkg_inc/aicpu_common/context/utils;/home/j60100428/Ascend_0319/cann-9.0.0/x86_64-linux/include/aicpu_common/context;/home/j60100428/Ascend_0319/cann-9.0.0/x86_64-linux/include/aicpu_common/context/common;/home/j60100428/Ascend_0319/cann-9.0.0/x86_64-linux/include/aicpu_common/context/cpu_proto;/home/j60100428/Ascend_0319/cann-9.0.0/x86_64-linux/include/aicpu_common/context/utils;/home/j60100428/Ascend_0319/cann-9.0.0/x86_64-linux/include/experiment/datagw/aicpu/common;/home/j60100428/Ascend_0319/cann-9.0.0/x86_64-linux/include/experiment/datagw/aicpu/common;/home/j60100428/Ascend_0319/cann-9.0.0/x86_64-linux/pkg_inc;/home/j60100428/Ascend_0319/cann-9.0.0/x86_64-linux/pkg_inc/aicpu
[2026-03-19 14:00:07] -- Finding gen es pkg
[2026-03-19 14:00:07] -- [add_es_library] Module loaded from: /home/j60100428/Ascend_0319/cann-9.0.0/include/ge/cmake
[2026-03-19 14:00:07] -- Downloading eigen from https://gitcode.com/cann-src-third-party/eigen/releases/download/5.0.0-h0.trunk/eigen-5.0.0.tar.gz
[2026-03-19 14:00:07] -- Could NOT find abseil-cpp (missing: ABSL_SOURCE_DIR) 
[2026-03-19 14:00:07] -- [ThirdPartyLib][abseil-cpp] https://gitcode.com/cann-src-third-party/abseil-cpp/releases/download/20230802.1/abseil-cpp-20230802.1.tar.gz not found, need download.
[2026-03-19 14:00:07] -- Could NOT find ascend_protobuf_build_transformer (missing: ASCEND_PROTOBUF_SHARED_INCLUDE) 
[2026-03-19 14:00:07] -- [ThirdPartyLib][ascend protobuf] ascend protobuf shared not found, finding binary file.
[2026-03-19 14:00:07] -- [ThirdPartyLib][ascend protobuf] https://gitcode.com/cann-src-third-party/protobuf/releases/download/v25.1/protobuf-25.1.tar.gz not found, need download.
[2026-03-19 14:00:07] -- Found alog: /home/j60100428/Ascend_0319/cann-9.0.0/include  
[2026-03-19 14:00:07] -- Variables in alog module:
[2026-03-19 14:00:07] -- alog_a_INCLUDE_DIR="/home/j60100428/Ascend_0319/cann-9.0.0/include"
[2026-03-19 14:00:07] -- slog_a_SHARED_LIBRARY="/home/j60100428/Ascend_0319/cann-9.0.0/lib64/libascendalog.so"
[2026-03-19 14:00:07] -- alog_a_SHARED_LIBRARY="/home/j60100428/Ascend_0319/cann-9.0.0/lib64/libascendalog.so"
[2026-03-19 14:00:07] -- 
[2026-03-19 14:00:07]  Properties for TARGET slog_a:
[2026-03-19 14:00:07]    slog_a.INTERFACE_COMPILE_DEFINITIONS = "LOG_CPP;PROCESS_LOG"
[2026-03-19 14:00:07]    slog_a.INTERFACE_LINK_LIBRARIES = "alog_headers"
[2026-03-19 14:00:07]    slog_a.IMPORTED_LOCATION = "/home/j60100428/Ascend_0319/cann-9.0.0/lib64/libascendalog.so"
[2026-03-19 14:00:07] 
[2026-03-19 14:00:07] -- 
[2026-03-19 14:00:07]  Properties for TARGET alog_a:
[2026-03-19 14:00:07]    alog_a.INTERFACE_COMPILE_DEFINITIONS = "LOG_CPP;PROCESS_LOG"
[2026-03-19 14:00:07]    alog_a.INTERFACE_LINK_LIBRARIES = "alog_headers"
[2026-03-19 14:00:07]    alog_a.IMPORTED_LOCATION = "/home/j60100428/Ascend_0319/cann-9.0.0/lib64/libascendalog.so"
[2026-03-19 14:00:07] 
[2026-03-19 14:00:07] -- 
[2026-03-19 14:00:07]  Properties for TARGET alog_headers:
[2026-03-19 14:00:07]    alog_headers.INTERFACE_INCLUDE_DIRECTORIES = "/home/j60100428/Ascend_0319/cann-9.0.0/include;/home/j60100428/Ascend_0319/cann-9.0.0/include/base"
[2026-03-19 14:00:07] 
[2026-03-19 14:00:07] -- Could NOT find unified_dlog (missing: _INCLUDE_ROOT_DIR) 
[2026-03-19 14:00:08] -- === Debug: CURRENT_DIRS =CMakeLists.txt;ut 
[2026-03-19 14:00:08] -- === Debug: start ops.ops-transformer.attention.sparse_flash_attention.tests.ut.CMakeLists.txt 
[2026-03-19 14:00:08] -- === Debug: CURRENT_DIRS =CMakeLists.txt;op_api;op_host 
[2026-03-19 14:00:08] -- _OpsTestUt_UTestCaseLibraries      = .
[2026-03-19 14:00:08] -- _OpsTestUt_UTestAclnnCaseLibraries = 
[2026-03-19 14:00:08] -- _OpsTestUt_UTestCaseLibraries and _OpsTestUt_UTestAclnnCaseLibraries both empty.
[2026-03-19 14:00:08] -- Skip proto update: /home/j60100428/ops-transformer_0319/attention/sparse_flash_attention
[2026-03-19 14:00:08] -- Start Generating es transformer for custom pkg
[2026-03-19 14:00:08] -- Generated helper script: /home/j60100428/ops-transformer_0319/build/cmake/run_gen_esb_with_lock.sh
[2026-03-19 14:00:08] -- _add_es_library_impl: EXCLUDE_OPS is not provided
[2026-03-19 14:00:08] -- add_es_package: Using default output directory: /home/j60100428/ops-transformer_0319/build
[2026-03-19 14:00:08] -- add_es_package: OPP_PROTO_TARGET output directory: /home/j60100428/ops-transformer_0319/build
[2026-03-19 14:00:08] -- add_es_package: Derived ASCEND_OPP_PATH: /home/j60100428/ops-transformer_0319/build
[2026-03-19 14:00:08] --   - Created standard OPP path: /home/j60100428/ops-transformer_0319/build/es_transformer_cust_build/opp_standard_path_proto_transformer_cust
[2026-03-19 14:00:08] -- _add_es_library_impl: gen_esb target not found, searching in environment...
[2026-03-19 14:00:08] --     Found gen_esb in PATH (environment variables configured)
[2026-03-19 14:00:08] --     - gen_esb path: /home/j60100428/Ascend_0319/cann-9.0.0/bin/gen_esb
[2026-03-19 14:00:08] --     - library path: /home/j60100428/Ascend_0319/cann-9.0.0/lib64
[2026-03-19 14:00:08] -- Using proto library path (derived from OPP_PROTO_TARGET): /home/j60100428/ops-transformer_0319/build/es_transformer_cust_build/opp_standard_path_proto_transformer_cust
[2026-03-19 14:00:08] -- add_es_package: Module name for gen_esb: transformer_cust
[2026-03-19 14:00:08] -- [add_es_library] No history registry found at /home/j60100428/Ascend_0319/cann-9.0.0/opp/history_registry/transformer_cust, skipping
[2026-03-19 14:00:08] -- Trying to locate eager_style_graph_builder_base library from run package...
[2026-03-19 14:00:08] --   Found library in run package: /home/j60100428/Ascend_0319/cann-9.0.0/lib64/libeager_style_graph_builder_base.so
[2026-03-19 14:00:08] -- Configuring ES package: es_transformer_cust
[2026-03-19 14:00:08] --   - Exported target: es_transformer_cust (public interface)
[2026-03-19 14:00:08] --   - Internal .obj target: es_transformer_cust_obj (compile once)
[2026-03-19 14:00:08] --   - Internal .so target: es_transformer_cust_so
[2026-03-19 14:00:08] --   - Internal .a target: es_transformer_cust_a
[2026-03-19 14:00:08] --   - Module name (for gen_esb): transformer_cust
[2026-03-19 14:00:08] --   - OPP proto target: proto_transformer_cust
[2026-03-19 14:00:08] --   - OPP proto path: /home/j60100428/ops-transformer_0319/build/es_transformer_cust_build/opp_standard_path_proto_transformer_cust
[2026-03-19 14:00:08] --   - Output path: /home/j60100428/ops-transformer_0319/build/es_packages
[2026-03-19 14:00:08] --   - Library files: libes_transformer_cust.so, libes_transformer_cust.a
[2026-03-19 14:00:08] --   - Python package: es_transformer_cust
[2026-03-19 14:00:08] -- ES package 'es_transformer_cust' using single-file compilation mode
[2026-03-19 14:00:08] --   - Wrapper file: /home/j60100428/ops-transformer_0319/build/es_transformer_cust_build/generated_code/es_transformer_cust_all_in_one.cpp
[2026-03-19 14:00:08] --   - Module name: transformer_cust
[2026-03-19 14:00:08] -- add_es_library: Using default compile options: -fPIC;-Wall;-fstack-protector-all;-std=c++17;-D_GLIBCXX_USE_CXX11_ABI=0;-O2;-Wno-free-nonheap-object
[2026-03-19 14:00:08] -- add_es_library: Set _GLIBCXX_USE_CXX11_ABI=0 for ABI compatibility
[2026-03-19 14:00:08] -- add_es_library: Deduced header base path from cmake file: /home/j60100428/Ascend_0319/cann-9.0.0
[2026-03-19 14:00:08] -- add_es_library: metadef_headers target not found, skipping
[2026-03-19 14:00:08] -- add_es_library: Found c_sec target
[2026-03-19 14:00:08] -- add_es_library: Linking with CANN libraries: c_sec
[2026-03-19 14:00:08] -- add_es_package: 'build_es_transformer_cust' is the first ES package (will be built first)
[2026-03-19 14:00:08] -- ES package 'es_transformer_cust' configured successfully (single-file mode):
[2026-03-19 14:00:08] --   - Exported target (for linking): es_transformer_cust
[2026-03-19 14:00:08] --   - Build target: build_es_transformer_cust
[2026-03-19 14:00:08] --   - Wrapper file: /home/j60100428/ops-transformer_0319/build/es_transformer_cust_build/generated_code/es_transformer_cust_all_in_one.cpp
[2026-03-19 14:00:08] --   - Internal targets:
[2026-03-19 14:00:08] --     * Code generation: generate_es_transformer_cust_code
[2026-03-19 14:00:08] --     * Object library: es_transformer_cust_obj (compiled once)
[2026-03-19 14:00:08] --     * Shared library: es_transformer_cust_so
[2026-03-19 14:00:08] --     * Static library: es_transformer_cust_a
[2026-03-19 14:00:08] --     * Wheel generation: generate_es_transformer_cust_whl
[2026-03-19 14:00:08] --     * Install: install_es_transformer_cust
[2026-03-19 14:00:08] --   - Library files: libes_transformer_cust.so, libes_transformer_cust.a
[2026-03-19 14:00:08] --   - Python package: es_transformer_cust
[2026-03-19 14:00:08] --   - ES base library: /home/j60100428/Ascend_0319/cann-9.0.0/lib64/libeager_style_graph_builder_base.so (from library)
[2026-03-19 14:00:08] -- 
[2026-03-19 14:00:08] -- Build mode: Single-file compilation (no reconfiguration needed)
[2026-03-19 14:00:08] -- 
[2026-03-19 14:00:08] -- Quick start:
[2026-03-19 14:00:08] --   1. Link:    target_link_libraries(your_target PRIVATE es_transformer_cust)
[2026-03-19 14:00:08] --   2. Build:   make your_target  (recommended, triggers automatically)
[2026-03-19 14:00:08] -- 
[2026-03-19 14:00:08] -- custom cust proto to es
[2026-03-19 14:00:08] -- Detected architecture: x86_64
[2026-03-19 14:00:08] -- End building custom package.
[2026-03-19 14:00:08] -- create aclnn master header file: /home/j60100428/ops-transformer_0319/build/aclnn_ops_transformer_custom.h
[2026-03-19 14:00:08] -- no operator info to generate
[2026-03-19 14:00:08] -- Start building custom package.
[2026-03-19 14:00:08] -- No aicpu json files to merge, skipping.
[2026-03-19 14:00:08] -- No aicpu cust obj targets found, skipping.
[2026-03-19 14:00:08] -- Configuring done
[2026-03-19 14:00:08] -- Generating done
[2026-03-19 14:00:08] -- Build files have been written to: /home/j60100428/ops-transformer_0319/build
[2026-03-19 14:00:08] ... transformer_op_host_ut
[2026-03-19 14:00:08] Building target: transformer_op_host_ut.
[2026-03-19 14:00:08] [  4%] Building CXX object attention/sparse_flash_attention/op_host/CMakeFiles/ophost_transformer_tiling_obj.dir/sparse_flash_attention_tiling.cpp.o
[2026-03-19 14:00:08] [  8%] Building CXX object common/CMakeFiles/common_transformer_obj.dir/src/fallback_comm.cpp.o
[2026-03-19 14:00:08] [  8%] Building CXX object common/CMakeFiles/common_transformer_obj.dir/src/fallback_comm_2stages.cpp.o
[2026-03-19 14:00:08] [ 13%] Building CXX object attention/sparse_flash_attention/op_host/CMakeFiles/opbase_infer_objs.dir/__/__/__/third_party/opbase/src/op_common/op_host/infershape_broadcast_util.cpp.o
[2026-03-19 14:00:08] [ 17%] Building CXX object common/CMakeFiles/common_transformer_obj.dir/src/tiling_base/tiling_util.cpp.o
[2026-03-19 14:00:08] [ 26%] Building CXX object attention/sparse_flash_attention/op_host/CMakeFiles/opbase_tiling_objs.dir/__/__/__/third_party/opbase/src/op_common/atvoss/broadcast/broadcast_tiling.cpp.o
[2026-03-19 14:00:08] [ 26%] Building CXX object attention/sparse_flash_attention/op_host/CMakeFiles/opbase_infer_objs.dir/__/__/__/third_party/opbase/src/op_common/op_host/infershape_elewise_util.cpp.o
[2026-03-19 14:00:08] [ 30%] Building CXX object attention/sparse_flash_attention/op_host/CMakeFiles/opbase_util_objs.dir/__/__/__/third_party/opbase/src/op_common/log/log.cpp.o
[2026-03-19 14:00:08] [ 34%] Building CXX object attention/sparse_flash_attention/op_host/CMakeFiles/opbase_infer_objs.dir/__/__/__/third_party/opbase/src/op_common/op_host/infershape_reduce_util.cpp.o
[2026-03-19 14:00:08] [ 34%] Building CXX object attention/sparse_flash_attention/op_host/CMakeFiles/opbase_tiling_objs.dir/__/__/__/third_party/opbase/src/op_common/atvoss/broadcast/broadcast_tiling_base.cpp.o
[2026-03-19 14:00:08] [ 34%] Building CXX object attention/sparse_flash_attention/tests/ut/op_host/CMakeFiles/transformer_op_infershape_ut_cases_obj.dir/test_sparse_flash_attention_infershape.cpp.o
[2026-03-19 14:00:08] [ 39%] Building CXX object attention/sparse_flash_attention/op_host/CMakeFiles/opbase_util_objs.dir/__/__/__/third_party/opbase/src/op_common/op_host/util/fp16.cpp.o
[2026-03-19 14:00:08] [ 47%] Building CXX object attention/sparse_flash_attention/op_host/CMakeFiles/ophost_transformer_infer_obj.dir/sparse_flash_attention_infershape.cpp.o
[2026-03-19 14:00:08] [ 47%] Building CXX object attention/sparse_flash_attention/op_host/CMakeFiles/opbase_tiling_objs.dir/__/__/__/third_party/opbase/src/op_common/atvoss/broadcast/broadcast_tiling_noncontiguous.cpp.o
[2026-03-19 14:00:08] [ 52%] Building CXX object attention/sparse_flash_attention/op_host/CMakeFiles/opbase_util_objs.dir/__/__/__/third_party/opbase/src/op_common/op_host/util/math_util.cpp.o
[2026-03-19 14:00:08] [ 60%] Building CXX object attention/sparse_flash_attention/tests/ut/op_host/arch32/CMakeFiles/transformer_op_tiling_ut_cases_obj.dir/test_sparse_flash_attention_tiling.cpp.o
[2026-03-19 14:00:08] [ 60%] Building CXX object attention/sparse_flash_attention/op_host/CMakeFiles/opbase_tiling_objs.dir/__/__/__/third_party/opbase/src/op_common/atvoss/elewise/elewise_tiling.cpp.o
[2026-03-19 14:00:08] [ 65%] Building CXX object tests/ut/framework_normal/op_host/CMakeFiles/transformer_op_tiling_ut_common_obj.dir/__/common/tiling_case_executor.cpp.o
[2026-03-19 14:00:08] [ 65%] Building CXX object attention/sparse_flash_attention/op_host/CMakeFiles/opbase_tiling_objs.dir/__/__/__/third_party/opbase/src/op_common/atvoss/reduce/reduce_tiling.cpp.o
[2026-03-19 14:00:08] [ 69%] Building CXX object attention/sparse_flash_attention/op_host/CMakeFiles/opbase_util_objs.dir/__/__/__/third_party/opbase/src/op_common/op_host/util/shape_util.cpp.o
[2026-03-19 14:00:08] [ 69%] Building CXX object tests/ut/framework_normal/op_host/CMakeFiles/transformer_op_tiling_ut_common_obj.dir/__/common/tiling_context_faker.cpp.o
[2026-03-19 14:00:08] [ 73%] Building CXX object tests/ut/framework_normal/op_host/CMakeFiles/transformer_op_infershape_ut_common_obj.dir/__/common/infer_datatype_context_faker.cpp.o
[2026-03-19 14:00:08] [ 78%] Building CXX object tests/ut/framework_normal/op_host/CMakeFiles/transformer_op_infershape_ut_common_obj.dir/__/common/infer_shape_case_executor.cpp.o
[2026-03-19 14:00:08] [ 82%] Building CXX object tests/ut/framework_normal/op_host/CMakeFiles/transformer_op_infershape_ut_common_obj.dir/__/common/infer_shape_context_faker.cpp.o
[2026-03-19 14:00:08] [ 86%] Building CXX object tests/ut/framework_normal/op_host/CMakeFiles/transformer_op_infershape_ut_common_obj.dir/__/common/infer_shaperange_context_faker.cpp.o
[2026-03-19 14:00:09] [ 86%] Built target opbase_util_objs
[2026-03-19 14:00:10] [ 86%] Built target common_transformer_obj
[2026-03-19 14:00:10] [ 86%] Built target opbase_infer_objs
[2026-03-19 14:00:11] [ 86%] Built target transformer_op_infershape_ut_common_obj
[2026-03-19 14:00:11] [ 86%] Built target opbase_tiling_objs
[2026-03-19 14:00:11] [ 86%] Built target transformer_op_infershape_ut_cases_obj
[2026-03-19 14:00:11] [ 91%] Linking CXX static library libtransformer_op_infershape_ut_cases.a
[2026-03-19 14:00:12] [ 91%] Built target ophost_transformer_infer_obj
[2026-03-19 14:00:12] [ 91%] Built target transformer_op_infershape_ut_cases
[2026-03-19 14:00:12] [ 91%] Built target transformer_op_tiling_ut_cases_obj
[2026-03-19 14:00:15] [ 91%] Built target transformer_op_tiling_ut_common_obj
[2026-03-19 14:00:15] [ 91%] Linking CXX static library libtransformer_op_tiling_ut_cases.a
[2026-03-19 14:00:15] [ 91%] Built target transformer_op_tiling_ut_cases
[2026-03-19 14:00:29] [ 91%] Built target ophost_transformer_tiling_obj
[2026-03-19 14:00:29] [ 91%] Linking CXX shared library libophost_transformer_ut.so
[2026-03-19 14:00:29] [ 91%] Built target ophost_transformer_ut
[2026-03-19 14:00:29] [ 95%] Building CXX object tests/ut/framework_normal/op_host/CMakeFiles/transformer_op_host_ut.dir/test_op_host_main.cpp.o
[2026-03-19 14:00:31] [100%] Linking CXX executable transformer_op_host_ut
[2026-03-19 14:00:32] Run ops op_host utest with asan
[2026-03-19 14:00:32] [==========] Running 17 tests from 2 test suites.
[2026-03-19 14:00:32] [----------] Global test environment set-up.
[2026-03-19 14:00:32] Global Environment SetpUp.
[2026-03-19 14:00:32] [----------] 13 tests from SparseFlashAttentionTiling
[2026-03-19 14:00:32] SparseFlashAttentionTiling SetUp
[2026-03-19 14:00:32] [ RUN      ] SparseFlashAttentionTiling.SparseFlashAttention_910b_tiling_0
[2026-03-19 14:00:32] [       OK ] SparseFlashAttentionTiling.SparseFlashAttention_910b_tiling_0 (19 ms)
[2026-03-19 14:00:32] [ RUN      ] SparseFlashAttentionTiling.SparseFlashAttention_910b_tiling_1
[2026-03-19 14:00:32] [       OK ] SparseFlashAttentionTiling.SparseFlashAttention_910b_tiling_1 (1 ms)
[2026-03-19 14:00:32] [ RUN      ] SparseFlashAttentionTiling.SparseFlashAttention_910b_tiling_2
[2026-03-19 14:00:32] [       OK ] SparseFlashAttentionTiling.SparseFlashAttention_910b_tiling_2 (0 ms)
[2026-03-19 14:00:32] [ RUN      ] SparseFlashAttentionTiling.SparseFlashAttention_910b_tiling_3
[2026-03-19 14:00:32] [       OK ] SparseFlashAttentionTiling.SparseFlashAttention_910b_tiling_3 (1 ms)
[2026-03-19 14:00:32] [ RUN      ] SparseFlashAttentionTiling.SparseFlashAttention_910b_tiling_4
[2026-03-19 14:00:32] [       OK ] SparseFlashAttentionTiling.SparseFlashAttention_910b_tiling_4 (0 ms)
[2026-03-19 14:00:32] [ RUN      ] SparseFlashAttentionTiling.SparseFlashAttention_910b_tiling_5
[2026-03-19 14:00:32] [       OK ] SparseFlashAttentionTiling.SparseFlashAttention_910b_tiling_5 (0 ms)
[2026-03-19 14:00:32] [ RUN      ] SparseFlashAttentionTiling.SparseFlashAttention_910b_tiling_6
[2026-03-19 14:00:32] [       OK ] SparseFlashAttentionTiling.SparseFlashAttention_910b_tiling_6 (0 ms)
[2026-03-19 14:00:32] [ RUN      ] SparseFlashAttentionTiling.SparseFlashAttention_910b_tiling_7
[2026-03-19 14:00:32] [       OK ] SparseFlashAttentionTiling.SparseFlashAttention_910b_tiling_7 (0 ms)
[2026-03-19 14:00:32] [ RUN      ] SparseFlashAttentionTiling.SparseFlashAttention_910b_tiling_8
[2026-03-19 14:00:32] [       OK ] SparseFlashAttentionTiling.SparseFlashAttention_910b_tiling_8 (0 ms)
[2026-03-19 14:00:32] [ RUN      ] SparseFlashAttentionTiling.SparseFlashAttention_910b_tiling_9
[2026-03-19 14:00:32] [       OK ] SparseFlashAttentionTiling.SparseFlashAttention_910b_tiling_9 (0 ms)
[2026-03-19 14:00:32] [ RUN      ] SparseFlashAttentionTiling.SparseFlashAttention_910b_tiling_10
[2026-03-19 14:00:32] [       OK ] SparseFlashAttentionTiling.SparseFlashAttention_910b_tiling_10 (0 ms)
[2026-03-19 14:00:32] [ RUN      ] SparseFlashAttentionTiling.SparseFlashAttention_910b_tiling_11
[2026-03-19 14:00:32] [       OK ] SparseFlashAttentionTiling.SparseFlashAttention_910b_tiling_11 (0 ms)
[2026-03-19 14:00:32] [ RUN      ] SparseFlashAttentionTiling.SparseFlashAttention_910b_tiling_12
[2026-03-19 14:00:32] [       OK ] SparseFlashAttentionTiling.SparseFlashAttention_910b_tiling_12 (0 ms)
[2026-03-19 14:00:32] SparseFlashAttentionTiling TearDown
[2026-03-19 14:00:32] [----------] 13 tests from SparseFlashAttentionTiling (30 ms total)
[2026-03-19 14:00:32] 
[2026-03-19 14:00:32] [----------] 4 tests from SparseFlashAttentionProto
[2026-03-19 14:00:32] SparseFlashAttentionProto SetUp
[2026-03-19 14:00:32] [ RUN      ] SparseFlashAttentionProto.SparseFlashAttention_infershape_0
[2026-03-19 14:00:32] [       OK ] SparseFlashAttentionProto.SparseFlashAttention_infershape_0 (0 ms)
[2026-03-19 14:00:32] [ RUN      ] SparseFlashAttentionProto.SparseFlashAttention_infershape_1
[2026-03-19 14:00:32] [       OK ] SparseFlashAttentionProto.SparseFlashAttention_infershape_1 (0 ms)
[2026-03-19 14:00:32] [ RUN      ] SparseFlashAttentionProto.SparseFlashAttention_infershape_2
[2026-03-19 14:00:32] [       OK ] SparseFlashAttentionProto.SparseFlashAttention_infershape_2 (0 ms)
[2026-03-19 14:00:32] [ RUN      ] SparseFlashAttentionProto.SparseFlashAttention_inferdtype
[2026-03-19 14:00:32] [       OK ] SparseFlashAttentionProto.SparseFlashAttention_inferdtype (0 ms)
[2026-03-19 14:00:32] SparseFlashAttentionProto TearDown
[2026-03-19 14:00:32] [----------] 4 tests from SparseFlashAttentionProto (0 ms total)
[2026-03-19 14:00:32] 
[2026-03-19 14:00:32] [----------] Global test environment tear-down
[2026-03-19 14:00:32] Global Environment TearDown
[2026-03-19 14:00:32] [==========] 17 tests from 2 test suites ran. (103 ms total)
[2026-03-19 14:00:32] [  PASSED  ] 17 tests.
[2026-03-19 14:00:32] [100%] Built target transformer_op_host_ut
[2026-03-19 14:00:36] Reading tracefile /home/j60100428/ops-transformer_0319/build/cov_result/coverage.info
[2026-03-19 14:00:36]                                           |Lines       |Functions  |Branches    
[2026-03-19 14:00:36] Filename                                  |Rate     Num|Rate    Num|Rate     Num
[2026-03-19 14:00:36] ================================================================================
[2026-03-19 14:00:36] [/home/j60100428/ops-transformer_0319/attention/sparse_flash_attention/op_host/]
[2026-03-19 14:00:36] sparse_flash_attention_infershape.cpp     | 100%     47| 100%     2|    -      0
[2026-03-19 14:00:36] sparse_flash_attention_tiling.cpp         |80.1%    995|70.6%   136|    -      0
[2026-03-19 14:00:36] sparse_flash_attention_tiling.h           |71.7%     53|78.8%    33|    -      0
[2026-03-19 14:00:36] ================================================================================
[2026-03-19 14:00:36]                                     Total:|80.5%   1095|72.5%   171|    -      0
