json found in /ascendc-agent/ops-transformer/third_party/json, and not force rebuild cann third_party
GTEST_INSTALL_PATH=/ascendc-agent/ops-transformer/third_party/gtest
gtest found:TRUE
gtest found in /ascendc-agent/ops-transformer/third_party/gtest, and not force rebuild cann third_party
[2026-01-30 07:25:59] ----------------------------------------------------------------
[2026-01-30 07:25:59] Start to build ut
[2026-01-30 07:25:59] -- The C compiler identification is GNU 9.5.0
[2026-01-30 07:25:59] -- The CXX compiler identification is GNU 9.5.0
[2026-01-30 07:26:00] -- Detecting C compiler ABI info
[2026-01-30 07:26:00] -- Detecting C compiler ABI info - done
[2026-01-30 07:26:00] -- Check for working C compiler: /usr/bin/cc - skipped
[2026-01-30 07:26:00] -- Detecting C compile features
[2026-01-30 07:26:00] -- Detecting C compile features - done
[2026-01-30 07:26:00] -- Detecting CXX compiler ABI info
[2026-01-30 07:26:00] -- Detecting CXX compiler ABI info - done
[2026-01-30 07:26:00] -- Check for working CXX compiler: /usr/bin/c++ - skipped
[2026-01-30 07:26:00] -- Detecting CXX compile features
[2026-01-30 07:26:00] -- Detecting CXX compile features - done
[2026-01-30 07:26:00] -- compile project with library
[2026-01-30 07:26:00] -- Found Python3: /usr/bin/python3.10 (found version "3.10.12") found components: Interpreter 
[2026-01-30 07:26:00] -- ASCEND_CANN_PACKAGE_PATH=/usr/local/Ascend/ascend-toolkit/latest
[2026-01-30 07:26:00] -- ENABLE_CCACHE=ON, CUSTOM_CCACHE=
[2026-01-30 07:26:00] -- CCACHE_PROGRAM=CCACHE_PROGRAM-NOTFOUND
[2026-01-30 07:26:00] -- ASCEND_COMPUTE_UNIT=ascend910b;
[2026-01-30 07:26:00] -- ASCEND_OP_NAME=matmul_all_reduce
[2026-01-30 07:26:00] -- TILING_KEY=
[2026-01-30 07:26:00] -- TESTS_UT_OPS_TEST=matmul_all_reduce
[2026-01-30 07:26:00] -- TESTS_EXAMPLE_OPS_TEST=
[2026-01-30 07:26:00] -- CMAKE_BUILD_TYPE=Debug
[2026-01-30 07:26:00] -- VERSION=
[2026-01-30 07:26:00] -- CMAKE_CXX_COMPILER_ID=GNU
[2026-01-30 07:26:00] -- Found json: /ascendc-agent/ops-transformer/third_party/json/include  
[2026-01-30 07:26:00] -- Found gtest: /ascendc-agent/ops-transformer/third_party/gtest/include  
[2026-01-30 07:26:00] -- Start building custom package.
[2026-01-30 07:26:00] -- Search libs under install path /usr/local/Ascend/cann-9.0.0
[2026-01-30 07:26:00] -- CMAKE_MODULE_PATH            :/ascendc-agent/ops-transformer/cmake/modules
[2026-01-30 07:26:00] -- compile option:  -O0 -g -Wall -Wextra -Wshadow -Wformat=2 -fno-common -fPIC -Wformat-signedness -Wno-missing-include-dirs -Wno-write-strings
[2026-01-30 07:26:00] -- Found dlog: /usr/local/Ascend/cann-9.0.0/pkg_inc/base  
[2026-01-30 07:26:00] -- Transformer Variables in dlog module:
[2026-01-30 07:26:00] -- dlog_TRANSFORMER_INCLUDE_DIR="/usr/local/Ascend/cann-9.0.0/pkg_inc/base"
[2026-01-30 07:26:00] -- dlog_SHARED_LIBRARY="/usr/local/Ascend/cann-9.0.0/lib64/libascendalog.so"
[2026-01-30 07:26:00] -- 
[2026-01-30 07:26:00]  Properties for TARGET dlog:
[2026-01-30 07:26:00]    dlog.INTERFACE_COMPILE_DEFINITIONS = "LOG_CPP;PROCESS_LOG"
[2026-01-30 07:26:00]    dlog.INTERFACE_LINK_LIBRARIES = "dlog_headers"
[2026-01-30 07:26:00]    dlog.IMPORTED_LOCATION = "/usr/local/Ascend/cann-9.0.0/lib64/libascendalog.so"
[2026-01-30 07:26:00] 
[2026-01-30 07:26:00] -- 
[2026-01-30 07:26:00]  Properties for TARGET dlog_headers:
[2026-01-30 07:26:00]    dlog_headers.INTERFACE_INCLUDE_DIRECTORIES = "/usr/local/Ascend/cann-9.0.0/pkg_inc/base"
[2026-01-30 07:26:00] 
[2026-01-30 07:26:00] -- Found securec: /usr/local/Ascend/cann-9.0.0/include  
[2026-01-30 07:26:00] -- Found OPBASE: /usr/local/Ascend/cann-9.0.0/aarch64-linux/pkg_inc  
[2026-01-30 07:26:00] -- Found OPABSE include:/usr/local/Ascend/cann-9.0.0/aarch64-linux/pkg_inc
[2026-01-30 07:26:00] -- Found OPABSE lib:/usr/local/Ascend/cann-9.0.0/aarch64-linux/lib64/libops_base.so
[2026-01-30 07:26:00] -- Found platform: /usr/local/Ascend/cann-9.0.0/include  
[2026-01-30 07:26:00] -- Found platform include:/usr/local/Ascend/cann-9.0.0/aarch64-linux/include
[2026-01-30 07:26:00] -- Found register library:/usr/local/Ascend/cann-9.0.0/aarch64-linux/lib64/libregister.so
[2026-01-30 07:26:00] -- Found opp_registry library:/usr/local/Ascend/cann-9.0.0/aarch64-linux/lib64/libopp_registry.so
[2026-01-30 07:26:00] -- Found exe_graph library:/usr/local/Ascend/cann-9.0.0/aarch64-linux/lib64/libexe_graph.so
[2026-01-30 07:26:00] -- Found graph_base library:/usr/local/Ascend/cann-9.0.0/aarch64-linux/lib64/libgraph_base.so
[2026-01-30 07:26:00] -- Found error_manager library:/usr/local/Ascend/cann-9.0.0/aarch64-linux/lib64/liberror_manager.so
[2026-01-30 07:26:00] -- Found metadef library:/usr/local/Ascend/cann-9.0.0/aarch64-linux/lib64/libmetadef.so
[2026-01-30 07:26:00] -- Found rt2_registry library:/usr/local/Ascend/cann-9.0.0/aarch64-linux/lib64/librt2_registry.a
[2026-01-30 07:26:00] -- Found metadef: /usr/local/Ascend/cann-9.0.0/include  
[2026-01-30 07:26:00] -- Found source metadef include dir:  /usr/local/Ascend/cann-9.0.0/aarch64-linux/include/;/usr/local/Ascend/cann-9.0.0/aarch64-linux/include/exe_graph
[2026-01-30 07:26:00] -- Found graph library:/usr/local/Ascend/cann-9.0.0/aarch64-linux/lib64/libgraph.so
[2026-01-30 07:26:00] -- Found source acl include dir:  /usr/local/Ascend/cann-9.0.0/aarch64-linux/include
[2026-01-30 07:26:00] -- [transformer]Found source npuruntime include dir: /usr/local/Ascend/cann-9.0.0/aarch64-linux/pkg_inc/runtime
[2026-01-30 07:26:00] -- Found aclnn include dir:  /usr/local/Ascend/cann-9.0.0/aarch64-linux/include
[2026-01-30 07:26:00] -- Found opdev include dir:  /usr/local/Ascend/cann-9.0.0/aarch64-linux/include/aclnn
[2026-01-30 07:26:00] -- Found tilingapi include:/usr/local/Ascend/cann-9.0.0/aarch64-linux/include
[2026-01-30 07:26:00] -- TILINGAPI_INC_DIRS: /usr/local/Ascend/cann-9.0.0/aarch64-linux/include;/usr/local/Ascend/cann-9.0.0/aarch64-linux/ascendc;/usr/local/Ascend/cann-9.0.0/aarch64-linux/ascendc/include;/usr/local/Ascend/cann-9.0.0/aarch64-linux/ascendc/include/highlevel_api;/usr/local/Ascend/cann-9.0.0/aarch64-linux/ascendc/include/highlevel_api/lib;/usr/local/Ascend/cann-9.0.0/aarch64-linux/ascendc/include/highlevel_api/impl;/usr/local/Ascend/cann-9.0.0/aarch64-linux/ascendc/include/highlevel_api/tiling
[2026-01-30 07:26:00] -- Found tilingapi lib:/usr/local/Ascend/cann-9.0.0/aarch64-linux/lib64/libtiling_api.a
[2026-01-30 07:26:00] -- Using AICPU include dirs: /usr/local/Ascend/cann-9.0.0/aarch64-linux/include/experiment;/usr/local/Ascend/cann-9.0.0/aarch64-linux/include/experiment/cce;/usr/local/Ascend/cann-9.0.0/aarch64-linux/include/experiment/msprof;/usr/local/Ascend/cann-9.0.0/aarch64-linux/pkg_inc/aicpu_common/context;/usr/local/Ascend/cann-9.0.0/aarch64-linux/pkg_inc/aicpu_common/context/common;/usr/local/Ascend/cann-9.0.0/aarch64-linux/pkg_inc/aicpu_common/context/cpu_proto;/usr/local/Ascend/cann-9.0.0/aarch64-linux/pkg_inc/aicpu_common/context/utils;/usr/local/Ascend/cann-9.0.0/aarch64-linux/include/aicpu_common/context;/usr/local/Ascend/cann-9.0.0/aarch64-linux/include/aicpu_common/context/common;/usr/local/Ascend/cann-9.0.0/aarch64-linux/include/aicpu_common/context/cpu_proto;/usr/local/Ascend/cann-9.0.0/aarch64-linux/include/aicpu_common/context/utils;/usr/local/Ascend/cann-9.0.0/aarch64-linux/include/experiment/datagw/aicpu/common;/usr/local/Ascend/cann-9.0.0/aarch64-linux/include/experiment/datagw/aicpu/common;/usr/local/Ascend/cann-9.0.0/aarch64-linux/pkg_inc;/usr/local/Ascend/cann-9.0.0/aarch64-linux/pkg_inc/aicpu
[2026-01-30 07:26:00] -- Could NOT find abseil-cpp (missing: ABSL_SOURCE_DIR) 
[2026-01-30 07:26:00] -- [ThirdPartyLib][abseil-cpp] https://gitcode.com/cann-src-third-party/abseil-cpp/releases/download/20230802.1/abseil-cpp-20230802.1.tar.gz not found, need download.
[2026-01-30 07:26:00] -- Could NOT find ascend_protobuf_build_transformer (missing: ASCEND_PROTOBUF_SHARED_INCLUDE) 
[2026-01-30 07:26:00] -- [ThirdPartyLib][ascend protobuf] ascend protobuf shared not found, finding binary file.
[2026-01-30 07:26:00] -- [ThirdPartyLib][ascend protobuf] https://gitcode.com/cann-src-third-party/protobuf/releases/download/v25.1/protobuf-25.1.tar.gz not found, need download.
[2026-01-30 07:26:00] -- Found alog: /usr/local/Ascend/cann-9.0.0/include  
[2026-01-30 07:26:00] -- Variables in alog module:
[2026-01-30 07:26:00] -- alog_a_INCLUDE_DIR="/usr/local/Ascend/cann-9.0.0/include"
[2026-01-30 07:26:00] -- slog_a_SHARED_LIBRARY="/usr/local/Ascend/cann-9.0.0/lib64/libascendalog.so"
[2026-01-30 07:26:00] -- alog_a_SHARED_LIBRARY="/usr/local/Ascend/cann-9.0.0/lib64/libascendalog.so"
[2026-01-30 07:26:00] -- 
[2026-01-30 07:26:00]  Properties for TARGET slog_a:
[2026-01-30 07:26:00]    slog_a.INTERFACE_COMPILE_DEFINITIONS = "LOG_CPP;PROCESS_LOG"
[2026-01-30 07:26:00]    slog_a.INTERFACE_LINK_LIBRARIES = "alog_headers"
[2026-01-30 07:26:00]    slog_a.IMPORTED_LOCATION = "/usr/local/Ascend/cann-9.0.0/lib64/libascendalog.so"
[2026-01-30 07:26:00] 
[2026-01-30 07:26:00] -- 
[2026-01-30 07:26:00]  Properties for TARGET alog_a:
[2026-01-30 07:26:00]    alog_a.INTERFACE_COMPILE_DEFINITIONS = "LOG_CPP;PROCESS_LOG"
[2026-01-30 07:26:00]    alog_a.INTERFACE_LINK_LIBRARIES = "alog_headers"
[2026-01-30 07:26:00]    alog_a.IMPORTED_LOCATION = "/usr/local/Ascend/cann-9.0.0/lib64/libascendalog.so"
[2026-01-30 07:26:00] 
[2026-01-30 07:26:00] -- 
[2026-01-30 07:26:00]  Properties for TARGET alog_headers:
[2026-01-30 07:26:00]    alog_headers.INTERFACE_INCLUDE_DIRECTORIES = "/usr/local/Ascend/cann-9.0.0/include;/usr/local/Ascend/cann-9.0.0/include/base"
[2026-01-30 07:26:00] 
[2026-01-30 07:26:00] -- Could NOT find unified_dlog (missing: _INCLUDE_ROOT_DIR) 
[2026-01-30 07:26:01] -- add_opmaster_ct_gentask_modules start
[2026-01-30 07:26:01] -- xxxx compile add_opmaster_ct_gentask_modules
[2026-01-30 07:26:01] -- _OpsTestUt_UTestCaseLibraries      = .
[2026-01-30 07:26:01] -- _OpsTestUt_UTestAclnnCaseLibraries = 
[2026-01-30 07:26:01] -- _OpsTestUt_UTestCaseLibraries and _OpsTestUt_UTestAclnnCaseLibraries both empty.
[2026-01-30 07:26:01] -- Detected architecture: ARM64
[2026-01-30 07:26:01] -- End building custom package.
[2026-01-30 07:26:01] -- create aclnn master header file: /ascendc-agent/ops-transformer/build/aclnn_ops_transformer_custom.h
[2026-01-30 07:26:01] -- no operator info to generate
[2026-01-30 07:26:01] -- Start building custom package.
[2026-01-30 07:26:01] -- No aicpu json files to merge, skipping.
[2026-01-30 07:26:01] -- No aicpu cust obj targets found, skipping.
[2026-01-30 07:26:01] -- Configuring done
[2026-01-30 07:26:01] -- Generating done
[2026-01-30 07:26:01] -- Build files have been written to: /ascendc-agent/ops-transformer/build
[2026-01-30 07:26:01] ... transformer_op_host_ut
[2026-01-30 07:26:01] Building target: transformer_op_host_ut.
[2026-01-30 07:26:01] [  1%] Building CXX object mc2/common/CMakeFiles/mc2_tiling_ut_stub.dir/__/__/tests/ut/framework_normal/common/op_cache_tiling.cpp.o
[2026-01-30 07:26:01] [  1%] Building CXX object mc2/common/CMakeFiles/mc2_tiling_ut_stub.dir/__/__/tests/ut/framework_normal/common/mc2_hcom_topology_mocker.cpp.o
[2026-01-30 07:26:01] [  5%] Building CXX object tests/ut/framework_normal/op_host/CMakeFiles/transformer_op_tiling_ut_common_obj.dir/__/common/tiling_case_executor.cpp.o
[2026-01-30 07:26:01] [  5%] Building CXX object mc2/matmul_all_reduce/tests/ut/op_host/CMakeFiles/transformer_op_infershape_ut_cases_obj.dir/test_matmul_all_reduce_infershape.cpp.o
[2026-01-30 07:26:01] [  5%] Building CXX object mc2/matmul_all_reduce/tests/ut/op_host/arch32/CMakeFiles/transformer_op_tiling_ut_cases_obj.dir/test_matmul_all_reduce_tiling.cpp.o
[2026-01-30 07:26:01] [  7%] Building CXX object tests/ut/framework_normal/op_host/CMakeFiles/transformer_op_tiling_ut_common_obj.dir/__/common/tiling_context_faker.cpp.o
[2026-01-30 07:26:01] [  7%] Building CXX object tests/ut/framework_normal/op_host/CMakeFiles/transformer_op_infershape_ut_common_obj.dir/__/common/infer_datatype_context_faker.cpp.o
[2026-01-30 07:26:01] [  9%] Building CXX object common/CMakeFiles/common_transformer_obj.dir/src/fallback_comm.cpp.o
[2026-01-30 07:26:01] [  9%] Building CXX object common/CMakeFiles/common_transformer_obj.dir/src/fallback_comm_2stages.cpp.o
[2026-01-30 07:26:01] [  9%] Building CXX object mc2/matmul_all_reduce/op_host/CMakeFiles/ophost_transformer_infer_obj.dir/__/__/3rd/common/op_host/matmul_common_infershape.cpp.o
[2026-01-30 07:26:01] [ 11%] Building CXX object tests/ut/framework_normal/op_host/CMakeFiles/transformer_op_infershape_ut_common_obj.dir/__/common/infer_shaperange_context_faker.cpp.o
[2026-01-30 07:26:01] [ 15%] Building CXX object common/CMakeFiles/common_transformer_obj.dir/src/tiling_base/tiling_util.cpp.o
[2026-01-30 07:26:01] [ 15%] Building CXX object tests/ut/framework_normal/op_host/CMakeFiles/transformer_op_infershape_ut_common_obj.dir/__/common/infer_shape_case_executor.cpp.o
[2026-01-30 07:26:01] [ 15%] Building CXX object tests/ut/framework_normal/op_host/CMakeFiles/transformer_op_infershape_ut_common_obj.dir/__/common/infer_shape_context_faker.cpp.o
[2026-01-30 07:26:01] [ 17%] Building CXX object mc2/matmul_all_reduce/op_host/CMakeFiles/ophost_transformer_infer_obj.dir/matmul_all_reduce_infershape.cpp.o
[2026-01-30 07:26:01] [ 17%] Building CXX object mc2/matmul_all_reduce/op_host/CMakeFiles/ophost_transformer_tiling_obj.dir/op_tiling/arch35/quant_matmul_all_reduce_tiling_910_95.cpp.o
[2026-01-30 07:26:01] [ 19%] Building CXX object mc2/matmul_all_reduce/op_host/CMakeFiles/ophost_transformer_tiling_obj.dir/op_tiling/arch35/matmul_all_reduce_tiling_910_95.cpp.o
[2026-01-30 07:26:01] [ 19%] Building CXX object mc2/matmul_all_reduce/op_host/CMakeFiles/ophost_transformer_tiling_obj.dir/__/op_graph/fallback_matmul_all_reduce.cpp.o
[2026-01-30 07:26:01] [ 19%] Building CXX object mc2/matmul_all_reduce/op_host/CMakeFiles/ophost_transformer_tiling_obj.dir/op_tiling/all_reduce_formulaic_tiling.cpp.o
[2026-01-30 07:26:01] [ 19%] Building CXX object mc2/matmul_all_reduce/op_host/CMakeFiles/ophost_transformer_tiling_obj.dir/op_tiling/matmul_all_reduce_tiling.cpp.o
[2026-01-30 07:26:01] [ 21%] Building CXX object mc2/matmul_all_reduce/op_host/CMakeFiles/ophost_transformer_tiling_obj.dir/op_tiling/arch31/unquant_matmul_all_reduce_tiling_310.cpp.o
[2026-01-30 07:26:01] [ 21%] Building CXX object mc2/matmul_all_reduce/op_host/CMakeFiles/ophost_transformer_tiling_obj.dir/op_tiling/arch32/quant_matmul_all_reduce_tiling.cpp.o
[2026-01-30 07:26:01] [ 23%] Building CXX object mc2/matmul_all_reduce/op_host/CMakeFiles/ophost_transformer_tiling_obj.dir/op_tiling/arch32/weight_quant_matmul_all_reduce_tiling.cpp.o
[2026-01-30 07:26:01] [ 23%] Building CXX object mc2/matmul_all_reduce/op_host/CMakeFiles/ophost_transformer_tiling_obj.dir/__/__/common/src/matmul_all_reduce_gen_task_ops_utils.cpp.o
[2026-01-30 07:26:01] [ 23%] Building CXX object mc2/matmul_all_reduce/op_host/CMakeFiles/ophost_transformer_tiling_obj.dir/__/__/common/src/context_transfer.cpp.o
[2026-01-30 07:26:01] [ 25%] Building CXX object mc2/matmul_all_reduce/op_host/CMakeFiles/ophost_transformer_tiling_obj.dir/__/__/common/src/hccl_formulaic_tiling.cpp.o
[2026-01-30 07:26:01] [ 25%] Building CXX object mc2/matmul_all_reduce/op_host/CMakeFiles/ophost_transformer_tiling_obj.dir/__/__/3rd/ops_legacy/op_tiling/runtime_kb_api.cpp.o
[2026-01-30 07:26:01] [ 27%] Building CXX object mc2/matmul_all_reduce/op_host/CMakeFiles/ophost_transformer_tiling_obj.dir/__/__/3rd/batch_mat_mul_v3/op_host/op_tiling/arch35/batch_matmul_v3_asw_al1_full_load_tiling.cpp.o
[2026-01-30 07:26:01] [ 27%] Building CXX object mc2/matmul_all_reduce/op_host/CMakeFiles/ophost_transformer_tiling_obj.dir/__/__/common/src/hccl_performance.cpp.o
[2026-01-30 07:26:01] [ 31%] Building CXX object mc2/matmul_all_reduce/op_host/CMakeFiles/ophost_transformer_tiling_obj.dir/op_tiling/arch35/weight_quant_matmul_all_reduce_tiling_910_95.cpp.o
[2026-01-30 07:26:01] [ 31%] Building CXX object mc2/matmul_all_reduce/op_host/CMakeFiles/ophost_transformer_tiling_obj.dir/op_tiling/arch31/matmul_all_reduce_tiling_310_general.cpp.o
[2026-01-30 07:26:01] [ 31%] Building CXX object mc2/matmul_all_reduce/op_host/CMakeFiles/ophost_transformer_tiling_obj.dir/op_tiling/arch31/quant_matmul_all_reduce_tiling_310_general.cpp.o
[2026-01-30 07:26:01] [ 33%] Building CXX object mc2/matmul_all_reduce/op_host/CMakeFiles/ophost_transformer_tiling_obj.dir/__/__/common/src/matmul_performance.cpp.o
[2026-01-30 07:26:01] [ 33%] Building CXX object mc2/matmul_all_reduce/op_host/CMakeFiles/ophost_transformer_tiling_obj.dir/__/__/common/src/mc2_gen_task_ops_utils.cpp.o
[2026-01-30 07:26:01] [ 33%] Building CXX object mc2/matmul_all_reduce/op_host/CMakeFiles/ophost_transformer_tiling_obj.dir/__/__/common/src/mc2_common_infershape.cpp.o
[2026-01-30 07:26:01] [ 35%] Building CXX object mc2/matmul_all_reduce/op_host/CMakeFiles/ophost_transformer_tiling_obj.dir/__/__/common/src/mc2_gen_task_ops_utils_arch35.cpp.o
[2026-01-30 07:26:01] [ 37%] Building CXX object mc2/matmul_all_reduce/op_host/CMakeFiles/ophost_transformer_tiling_obj.dir/__/__/common/src/mc2_matmul_tiling_cfg.cpp.o
[2026-01-30 07:26:01] [ 39%] Building CXX object mc2/matmul_all_reduce/op_host/CMakeFiles/ophost_transformer_tiling_obj.dir/__/__/common/src/mc2_moe_utils.cpp.o
[2026-01-30 07:26:01] [ 39%] Building CXX object mc2/matmul_all_reduce/op_host/CMakeFiles/ophost_transformer_tiling_obj.dir/__/__/common/src/mc2_moe_gen_task_ops_utils.cpp.o
[2026-01-30 07:26:01] [ 39%] Building CXX object mc2/matmul_all_reduce/op_host/CMakeFiles/ophost_transformer_tiling_obj.dir/__/__/common/src/mc2_tiling_utils.cpp.o
[2026-01-30 07:26:01] [ 41%] Building CXX object mc2/matmul_all_reduce/op_host/CMakeFiles/ophost_transformer_tiling_obj.dir/op_tiling/arch31/weight_quant_matmul_all_reduce_tiling_310p.cpp.o
[2026-01-30 07:26:01] [ 41%] Building CXX object mc2/matmul_all_reduce/op_host/CMakeFiles/ophost_transformer_tiling_obj.dir/op_tiling/arch32/matmul_all_reduce_tiling_910.cpp.o
[2026-01-30 07:26:01] [ 43%] Building CXX object mc2/matmul_all_reduce/op_host/CMakeFiles/ophost_transformer_tiling_obj.dir/__/__/common/new_mc2_mm/new_mc2_matmul_tiling_cfg.cpp.o
[2026-01-30 07:26:01] [ 43%] Building CXX object mc2/matmul_all_reduce/op_host/CMakeFiles/ophost_transformer_tiling_obj.dir/__/__/common/new_mc2_mm/new_mc2_tiling_utils.cpp.o
[2026-01-30 07:26:01] [ 43%] Building CXX object mc2/matmul_all_reduce/op_host/CMakeFiles/ophost_transformer_tiling_obj.dir/__/__/3rd/batch_mat_mul_v3/op_host/batch_mat_mul_v3_def.cpp.o
[2026-01-30 07:26:01] [ 45%] Building CXX object mc2/matmul_all_reduce/op_host/CMakeFiles/ophost_transformer_tiling_obj.dir/op_tiling/matmul_all_reduce_tiling_base.cpp.o
[2026-01-30 07:26:01] [ 47%] Building CXX object mc2/matmul_all_reduce/op_host/CMakeFiles/ophost_transformer_tiling_obj.dir/__/__/__/tests/ut/framework_normal/common/op_cache_tiling.cpp.o
[2026-01-30 07:26:01] [ 49%] Building CXX object mc2/matmul_all_reduce/op_host/CMakeFiles/ophost_transformer_tiling_obj.dir/__/__/3rd/batch_mat_mul_v3/op_host/op_tiling/arch35/batch_matmul_v3_tiling_advanced.cpp.o
[2026-01-30 07:26:01] [ 49%] Building CXX object mc2/matmul_all_reduce/op_host/CMakeFiles/ophost_transformer_tiling_obj.dir/__/__/3rd/batch_mat_mul_v3/op_host/op_tiling/arch35/batch_matmul_v3_asw_basic_tiling.cpp.o
[2026-01-30 07:26:01] [ 49%] Building CXX object mc2/matmul_all_reduce/op_host/CMakeFiles/ophost_transformer_tiling_obj.dir/__/__/3rd/batch_mat_mul_v3/op_host/op_tiling/arch35/batch_matmul_v3_iterbatch_tiling.cpp.o
[2026-01-30 07:26:01] [ 49%] Building CXX object mc2/matmul_all_reduce/op_host/CMakeFiles/ophost_transformer_tiling_obj.dir/__/__/3rd/common/op_host/op_tiling/debug_tiling.cpp.o
[2026-01-30 07:26:01] [ 50%] Building CXX object mc2/matmul_all_reduce/op_host/CMakeFiles/ophost_transformer_tiling_obj.dir/__/__/common/src/matmul_formulaic_tiling.cpp.o
[2026-01-30 07:26:01] [ 50%] Building CXX object mc2/matmul_all_reduce/op_host/CMakeFiles/ophost_transformer_tiling_obj.dir/__/__/3rd/batch_mat_mul_v3/op_host/op_tiling/arch35/batch_matmul_v3_asw_bl1_full_load_tiling.cpp.o
[2026-01-30 07:26:01] [ 50%] Building CXX object mc2/matmul_all_reduce/op_host/CMakeFiles/ophost_transformer_tiling_obj.dir/__/__/common/src/mc2_log.cpp.o
[2026-01-30 07:26:01] [ 52%] Building CXX object mc2/matmul_all_reduce/op_host/CMakeFiles/ophost_transformer_tiling_obj.dir/__/__/3rd/batch_mat_mul_v3/op_host/op_tiling/arch35/batch_matmul_v3_asw_bl1_full_load_basic_tiling.cpp.o
[2026-01-30 07:26:01] [ 54%] Building CXX object mc2/matmul_all_reduce/op_host/CMakeFiles/ophost_transformer_tiling_obj.dir/__/__/common/src/one_calc_two_comm_tiling.cpp.o
[2026-01-30 07:26:01] [ 56%] Building CXX object mc2/matmul_all_reduce/op_host/CMakeFiles/ophost_transformer_tiling_obj.dir/__/__/common/src/moe_tiling_base.cpp.o
[2026-01-30 07:26:01] [ 56%] Building CXX object mc2/matmul_all_reduce/op_host/CMakeFiles/ophost_transformer_tiling_obj.dir/__/__/3rd/ops_legacy/op_tiling/legacy_common_manager.cpp.o
[2026-01-30 07:26:01] [ 56%] Building CXX object mc2/matmul_all_reduce/op_host/CMakeFiles/ophost_transformer_tiling_obj.dir/__/__/3rd/mat_mul_v3/op_host/op_tiling/matmul_v3_l2_cache.cpp.o
[2026-01-30 07:26:01] [ 58%] Building CXX object mc2/matmul_all_reduce/op_host/CMakeFiles/ophost_transformer_tiling_obj.dir/__/__/3rd/batch_mat_mul_v3/op_host/op_tiling/batch_mat_mul_v3_base_tiling.cpp.o
[2026-01-30 07:26:01] [ 58%] Building CXX object mc2/matmul_all_reduce/op_host/CMakeFiles/ophost_transformer_tiling_obj.dir/__/__/3rd/batch_mat_mul_v3/op_host/op_tiling/arch35/batch_matmul_v3_asw_tiling.cpp.o
[2026-01-30 07:26:01] [ 62%] Building CXX object mc2/matmul_all_reduce/op_host/CMakeFiles/ophost_transformer_tiling_obj.dir/__/__/3rd/mat_mul_v3/op_host/op_tiling/matmul_v3_tiling.cpp.o
[2026-01-30 07:26:01] [ 60%] Building CXX object mc2/matmul_all_reduce/op_host/CMakeFiles/ophost_transformer_tiling_obj.dir/__/__/3rd/batch_mat_mul_v3/op_host/op_tiling/batch_mat_mul_v3_tiling.cpp.o
[2026-01-30 07:26:01] [ 62%] Building CXX object mc2/matmul_all_reduce/op_host/CMakeFiles/ophost_transformer_tiling_obj.dir/__/__/3rd/quant_batch_matmul_v3/op_host/op_tiling/arch35/adaptive_sliding_window_tiling.cpp.o
[2026-01-30 07:26:01] [ 62%] Building CXX object mc2/matmul_all_reduce/op_host/CMakeFiles/ophost_transformer_tiling_obj.dir/__/__/3rd/batch_mat_mul_v3/op_host/op_tiling/arch35/batch_matmul_v3_iterbatch_basicapi_tiling.cpp.o
[2026-01-30 07:26:01] [ 64%] Building CXX object mc2/matmul_all_reduce/op_host/CMakeFiles/ophost_transformer_tiling_obj.dir/__/__/3rd/quant_batch_matmul_v3/op_host/op_tiling/arch35/quant_batch_matmul_v3_checker.cpp.o
[2026-01-30 07:26:01] [ 64%] Building CXX object mc2/matmul_all_reduce/op_host/CMakeFiles/ophost_transformer_tiling_obj.dir/__/__/3rd/quant_batch_matmul_v3/op_host/op_tiling/quant_batch_matmul_v3_basic_tiling.cpp.o
[2026-01-30 07:26:01] [ 66%] Building CXX object mc2/matmul_all_reduce/op_host/CMakeFiles/ophost_transformer_tiling_obj.dir/__/__/3rd/mat_mul_v3/op_host/op_tiling/arch35/matmul_v3_tiling_helper.cpp.o
[2026-01-30 07:26:01] [ 66%] Building CXX object mc2/matmul_all_reduce/op_host/CMakeFiles/ophost_transformer_tiling_obj.dir/__/__/3rd/mat_mul_v3/op_host/op_tiling/matmul_v3_base_tiling.cpp.o
[2026-01-30 07:26:01] [ 66%] Building CXX object mc2/matmul_all_reduce/op_host/CMakeFiles/ophost_transformer_tiling_obj.dir/__/__/3rd/mat_mul_v3/op_host/op_tiling/arch35/matmul_v3_stream_k_tiling.cpp.o
[2026-01-30 07:26:01] [ 68%] Building CXX object mc2/matmul_all_reduce/op_host/CMakeFiles/ophost_transformer_tiling_obj.dir/__/__/3rd/mat_mul_v3/op_host/op_tiling/arch35/matmul_v3_basic_streamk_tiling.cpp.o
[2026-01-30 07:26:01] [ 68%] Building CXX object mc2/matmul_all_reduce/op_host/CMakeFiles/ophost_transformer_tiling_obj.dir/__/__/3rd/mat_mul_v3/op_host/op_tiling/arch35/matmul_v3_asw_tiling.cpp.o
[2026-01-30 07:26:01] [ 70%] Building CXX object mc2/matmul_all_reduce/op_host/CMakeFiles/ophost_transformer_tiling_obj.dir/__/__/3rd/mat_mul_v3/op_host/op_tiling/arch35/matmul_v3_tiling_advanced.cpp.o
[2026-01-30 07:26:01] [ 72%] Building CXX object mc2/matmul_all_reduce/op_host/CMakeFiles/ophost_transformer_tiling_obj.dir/__/__/3rd/quant_batch_matmul_v3/op_host/op_tiling/quant_batch_matmul_v3_tiling_base.cpp.o
[2026-01-30 07:26:01] [ 74%] Building CXX object mc2/matmul_all_reduce/op_host/CMakeFiles/ophost_transformer_tiling_obj.dir/__/__/3rd/common/op_host/op_tiling/hash.cpp.o
[2026-01-30 07:26:01] [ 74%] Building CXX object mc2/matmul_all_reduce/op_host/CMakeFiles/ophost_transformer_tiling_obj.dir/__/__/3rd/quant_batch_matmul_v3/op_host/op_tiling/quant_batch_matmul_v3_tiling.cpp.o
[2026-01-30 07:26:01] [ 74%] Building CXX object mc2/matmul_all_reduce/op_host/CMakeFiles/ophost_transformer_tiling_obj.dir/__/__/3rd/weight_quant_batch_matmul_v2/op_host/op_tiling/arch35/weight_quant_batch_matmul_v2_adaptive_split_tiling.cpp.o
[2026-01-30 07:26:01] [ 76%] Building CXX object mc2/matmul_all_reduce/op_host/CMakeFiles/ophost_transformer_tiling_obj.dir/__/__/3rd/mat_mul_v3/op_host/mat_mul_v3_def.cpp.o
[2026-01-30 07:26:01] [ 78%] Building CXX object mc2/matmul_all_reduce/op_host/CMakeFiles/ophost_transformer_tiling_obj.dir/__/__/3rd/weight_quant_batch_matmul_v2/op_host/op_tiling/arch35/weight_quant_batch_matmul_v2_adaptive_sliding_window_tiling.cpp.o
[2026-01-30 07:26:01] [ 78%] Building CXX object mc2/matmul_all_reduce/op_host/CMakeFiles/ophost_transformer_tiling_obj.dir/__/__/3rd/quant_batch_matmul_v3/op_host/op_tiling/quant_batch_matmul_v3_tiling_cache.cpp.o
[2026-01-30 07:26:01] [ 78%] Building CXX object mc2/matmul_all_reduce/op_host/CMakeFiles/ophost_transformer_tiling_obj.dir/__/__/3rd/common/op_host/op_tiling/lock.cpp.o
[2026-01-30 07:26:01] [ 78%] Building CXX object mc2/matmul_all_reduce/op_host/CMakeFiles/ophost_transformer_tiling_obj.dir/__/__/3rd/mat_mul_v3/op_host/op_tiling/arch35/matmul_v3_asw_basic_tiling.cpp.o
[2026-01-30 07:26:01] [ 80%] Building CXX object mc2/matmul_all_reduce/op_host/CMakeFiles/ophost_transformer_tiling_obj.dir/__/__/3rd/mat_mul_v3/op_host/op_tiling/arch35/matmul_v3_asw_full_load_tiling.cpp.o
[2026-01-30 07:26:01] [ 82%] Building CXX object mc2/matmul_all_reduce/op_host/CMakeFiles/ophost_transformer_tiling_obj.dir/__/__/3rd/weight_quant_batch_matmul_v2/op_host/op_tiling/weight_quant_batch_matmul_v2_tiling_splitk.cpp.o
[2026-01-30 07:26:01] [ 82%] Building CXX object mc2/matmul_all_reduce/op_host/CMakeFiles/ophost_transformer_tiling_obj.dir/__/__/3rd/weight_quant_batch_matmul_v2/op_host/op_tiling/weight_quant_batch_matmul_v2_tiling_custom.cpp.o
[2026-01-30 07:26:01] [ 82%] Building CXX object mc2/matmul_all_reduce/op_host/CMakeFiles/ophost_transformer_tiling_obj.dir/__/__/3rd/weight_quant_batch_matmul_v2/op_host/op_tiling/weight_quant_batch_matmul_v2_tiling_custom_nz_splitk.cpp.o
[2026-01-30 07:26:01] [ 86%] Building CXX object mc2/matmul_all_reduce/op_host/CMakeFiles/ophost_transformer_tiling_obj.dir/__/__/3rd/weight_quant_batch_matmul_v2/op_host/op_tiling/weight_quant_batch_matmul_v2_tiling_registry.cpp.o
[2026-01-30 07:26:01] [ 86%] Building CXX object mc2/matmul_all_reduce/op_host/CMakeFiles/ophost_transformer_tiling_obj.dir/__/__/3rd/weight_quant_batch_matmul_v2/op_host/op_tiling/weight_quant_batch_matmul_v2_tiling_msd.cpp.o
[2026-01-30 07:26:01] [ 88%] Building CXX object mc2/matmul_all_reduce/op_host/CMakeFiles/ophost_transformer_tiling_obj.dir/__/__/3rd/weight_quant_batch_matmul_v2/op_host/op_tiling/arch35/weight_quant_batch_matmul_v2_basic_block_tiling.cpp.o
[2026-01-30 07:26:01] [ 90%] Building CXX object mc2/matmul_all_reduce/op_host/CMakeFiles/ophost_transformer_tiling_obj.dir/__/__/3rd/weight_quant_batch_matmul_v2/op_host/op_tiling/weight_quant_batch_matmul_v2_tiling.cpp.o
[2026-01-30 07:26:01] [ 92%] Building CXX object mc2/matmul_all_reduce/op_host/CMakeFiles/ophost_transformer_tiling_obj.dir/__/__/3rd/weight_quant_batch_matmul_v2/op_host/op_tiling/weight_quant_batch_matmul_v2_checker_for_mmads8s4.cpp.o
[2026-01-30 07:26:01] [ 92%] Building CXX object mc2/matmul_all_reduce/op_host/CMakeFiles/ophost_transformer_tiling_obj.dir/__/__/3rd/weight_quant_batch_matmul_v2/op_host/op_tiling/weight_quant_batch_matmul_v2_compute_matmul_tiling.cpp.o
[2026-01-30 07:26:01] [ 92%] Building CXX object mc2/matmul_all_reduce/op_host/CMakeFiles/ophost_transformer_tiling_obj.dir/__/__/3rd/weight_quant_batch_matmul_v2/op_host/op_tiling/arch35/weight_quant_batch_matmul_v2_reg_base_tiling.cpp.o
[2026-01-30 07:26:01] [ 92%] Building CXX object mc2/matmul_all_reduce/op_host/CMakeFiles/ophost_transformer_tiling_obj.dir/__/__/3rd/weight_quant_batch_matmul_v2/op_host/op_tiling/weight_quant_batch_matmul_v2_tiling_fixpipe.cpp.o
[2026-01-30 07:26:01] [ 94%] Building CXX object mc2/matmul_all_reduce/op_host/CMakeFiles/ophost_transformer_tiling_obj.dir/__/__/3rd/weight_quant_batch_matmul_v2/op_host/op_tiling/weight_quant_batch_matmul_v2_tiling_tool.cpp.o
[2026-01-30 07:26:01] [ 94%] Building CXX object mc2/matmul_all_reduce/op_host/CMakeFiles/ophost_transformer_tiling_obj.dir/__/__/3rd/weight_quant_batch_matmul_v2/op_host/op_tiling/weight_quant_batch_matmul_v2_weight_nz_tiling.cpp.o
[2026-01-30 07:26:01] [ 94%] Building CXX object mc2/matmul_all_reduce/op_host/CMakeFiles/ophost_transformer_tiling_obj.dir/__/__/3rd/weight_quant_batch_matmul_v2/op_host/op_tiling/weight_quant_batch_matmul_v2_tiling_msd_group.cpp.o
[2026-01-30 07:26:05] [ 94%] Built target common_transformer_obj
[2026-01-30 07:26:05] [ 96%] Linking CXX shared library libmc2_tiling_ut_stub.so
[2026-01-30 07:26:05] [ 96%] Built target mc2_tiling_ut_stub
[2026-01-30 07:26:07] [ 96%] Built target transformer_op_infershape_ut_common_obj
[2026-01-30 07:26:12] [ 96%] Built target transformer_op_infershape_ut_cases_obj
[2026-01-30 07:26:12] [ 96%] Linking CXX static library libtransformer_op_infershape_ut_cases.a
[2026-01-30 07:26:12] [ 96%] Built target transformer_op_infershape_ut_cases
[2026-01-30 07:26:13] [ 96%] Built target transformer_op_tiling_ut_cases_obj
[2026-01-30 07:26:14] [ 96%] Built target transformer_op_tiling_ut_common_obj
[2026-01-30 07:26:14] [ 96%] Linking CXX static library libtransformer_op_tiling_ut_cases.a
[2026-01-30 07:26:15] [ 96%] Built target transformer_op_tiling_ut_cases
[2026-01-30 07:26:31] [ 96%] Built target ophost_transformer_infer_obj
[2026-01-30 07:27:18] [ 96%] Built target ophost_transformer_tiling_obj
[2026-01-30 07:27:18] [ 98%] Linking CXX shared library libophost_transformer_ut.so
[2026-01-30 07:27:27] [ 98%] Built target ophost_transformer_ut
[2026-01-30 07:27:28] [ 98%] Building CXX object tests/ut/framework_normal/op_host/CMakeFiles/transformer_op_host_ut.dir/test_op_host_main.cpp.o
[2026-01-30 07:27:31] [100%] Linking CXX executable transformer_op_host_ut
[2026-01-30 07:27:31] Run ops op_host utest with asan
[2026-01-30 07:27:32] [==========] Running 35 tests from 3 test suites.
[2026-01-30 07:27:32] [----------] Global test environment set-up.
[2026-01-30 07:27:32] Global Environment SetpUp.
[2026-01-30 07:27:32] [----------] 28 tests from MatmulAllReduce/Arch32TilingTest
[2026-01-30 07:27:32] MatmulAllReduce Arch32TilingTest SetUp
[2026-01-30 07:27:32] [ RUN      ] MatmulAllReduce/Arch32TilingTest.param/float16_empty_k
[2026-01-30 07:27:32] [       OK ] MatmulAllReduce/Arch32TilingTest.param/float16_empty_k (2 ms)
[2026-01-30 07:27:32] [ RUN      ] MatmulAllReduce/Arch32TilingTest.param/bfloat16
[2026-01-30 07:27:32] [       OK ] MatmulAllReduce/Arch32TilingTest.param/bfloat16 (34 ms)
[2026-01-30 07:27:32] [ RUN      ] MatmulAllReduce/Arch32TilingTest.param/float16_support_3_dim
[2026-01-30 07:27:32] [       OK ] MatmulAllReduce/Arch32TilingTest.param/float16_support_3_dim (1 ms)
[2026-01-30 07:27:32] [ RUN      ] MatmulAllReduce/Arch32TilingTest.param/float16_5
[2026-01-30 07:27:32] [       OK ] MatmulAllReduce/Arch32TilingTest.param/float16_5 (1 ms)
[2026-01-30 07:27:32] [ RUN      ] MatmulAllReduce/Arch32TilingTest.param/float16_4
[2026-01-30 07:27:32] [       OK ] MatmulAllReduce/Arch32TilingTest.param/float16_4 (1 ms)
[2026-01-30 07:27:32] [ RUN      ] MatmulAllReduce/Arch32TilingTest.param/float16_3
[2026-01-30 07:27:32] [       OK ] MatmulAllReduce/Arch32TilingTest.param/float16_3 (1 ms)
[2026-01-30 07:27:32] [ RUN      ] MatmulAllReduce/Arch32TilingTest.param/float16_2
[2026-01-30 07:27:32] [       OK ] MatmulAllReduce/Arch32TilingTest.param/float16_2 (1 ms)
[2026-01-30 07:27:32] [ RUN      ] MatmulAllReduce/Arch32TilingTest.param/float16_win2win
[2026-01-30 07:27:32] [       OK ] MatmulAllReduce/Arch32TilingTest.param/float16_win2win (1 ms)
[2026-01-30 07:27:32] [ RUN      ] MatmulAllReduce/Arch32TilingTest.param/big_K
[2026-01-30 07:27:32] [       OK ] MatmulAllReduce/Arch32TilingTest.param/big_K (1 ms)
[2026-01-30 07:27:32] [ RUN      ] MatmulAllReduce/Arch32TilingTest.param/big_N
[2026-01-30 07:27:32] [       OK ] MatmulAllReduce/Arch32TilingTest.param/big_N (1 ms)
[2026-01-30 07:27:32] [ RUN      ] MatmulAllReduce/Arch32TilingTest.param/float16_unaligned
[2026-01-30 07:27:32] [       OK ] MatmulAllReduce/Arch32TilingTest.param/float16_unaligned (1 ms)
[2026-01-30 07:27:32] [ RUN      ] MatmulAllReduce/Arch32TilingTest.param/float16_1_cube
[2026-01-30 07:27:32] [       OK ] MatmulAllReduce/Arch32TilingTest.param/float16_1_cube (1 ms)
[2026-01-30 07:27:32] [ RUN      ] MatmulAllReduce/Arch32TilingTest.param/float16_1
[2026-01-30 07:27:32] [       OK ] MatmulAllReduce/Arch32TilingTest.param/float16_1 (1 ms)
[2026-01-30 07:27:32] [ RUN      ] MatmulAllReduce/Arch32TilingTest.param/int8_bf16
[2026-01-30 07:27:32] [       OK ] MatmulAllReduce/Arch32TilingTest.param/int8_bf16 (1 ms)
[2026-01-30 07:27:32] [ RUN      ] MatmulAllReduce/Arch32TilingTest.param/int8_1
[2026-01-30 07:27:32] [       OK ] MatmulAllReduce/Arch32TilingTest.param/int8_1 (1 ms)
[2026-01-30 07:27:32] [ RUN      ] MatmulAllReduce/Arch32TilingTest.param/int8_2
[2026-01-30 07:27:32] [       OK ] MatmulAllReduce/Arch32TilingTest.param/int8_2 (1 ms)
[2026-01-30 07:27:32] [ RUN      ] MatmulAllReduce/Arch32TilingTest.param/a8w8_mCut_2
[2026-01-30 07:27:32] [       OK ] MatmulAllReduce/Arch32TilingTest.param/a8w8_mCut_2 (1 ms)
[2026-01-30 07:27:32] [ RUN      ] MatmulAllReduce/Arch32TilingTest.param/a8w8_mCut_1
[2026-01-30 07:27:32] [       OK ] MatmulAllReduce/Arch32TilingTest.param/a8w8_mCut_1 (1 ms)
[2026-01-30 07:27:32] [ RUN      ] MatmulAllReduce/Arch32TilingTest.param/a8w8_scaleDimNum2
[2026-01-30 07:27:32] [       OK ] MatmulAllReduce/Arch32TilingTest.param/a8w8_scaleDimNum2 (1 ms)
[2026-01-30 07:27:32] [ RUN      ] MatmulAllReduce/Arch32TilingTest.param/a8w8
[2026-01-30 07:27:32] [       OK ] MatmulAllReduce/Arch32TilingTest.param/a8w8 (1 ms)
[2026-01-30 07:27:32] [ RUN      ] MatmulAllReduce/Arch32TilingTest.param/a16w8_weight_quant_nd
[2026-01-30 07:27:32] [       OK ] MatmulAllReduce/Arch32TilingTest.param/a16w8_weight_quant_nd (1 ms)
[2026-01-30 07:27:32] [ RUN      ] MatmulAllReduce/Arch32TilingTest.param/a16w8_weight_quant_with_bias
[2026-01-30 07:27:32] [       OK ] MatmulAllReduce/Arch32TilingTest.param/a16w8_weight_quant_with_bias (1 ms)
[2026-01-30 07:27:32] [ RUN      ] MatmulAllReduce/Arch32TilingTest.param/a16w8_weight_quant_transB
[2026-01-30 07:27:32] [       OK ] MatmulAllReduce/Arch32TilingTest.param/a16w8_weight_quant_transB (1 ms)
[2026-01-30 07:27:32] [ RUN      ] MatmulAllReduce/Arch32TilingTest.param/a16w8_weight_quant_n_unaligned
[2026-01-30 07:27:32] [       OK ] MatmulAllReduce/Arch32TilingTest.param/a16w8_weight_quant_n_unaligned (1 ms)
[2026-01-30 07:27:32] [ RUN      ] MatmulAllReduce/Arch32TilingTest.param/invalid_ranksize_16
[2026-01-30 07:27:32] [       OK ] MatmulAllReduce/Arch32TilingTest.param/invalid_ranksize_16 (36 ms)
[2026-01-30 07:27:32] [ RUN      ] MatmulAllReduce/Arch32TilingTest.param/weight_quant_missing_scale
[2026-01-30 07:27:32] [       OK ] MatmulAllReduce/Arch32TilingTest.param/weight_quant_missing_scale (1 ms)
[2026-01-30 07:27:32] [ RUN      ] MatmulAllReduce/Arch32TilingTest.param/empty_tensor_test
[2026-01-30 07:27:32] [       OK ] MatmulAllReduce/Arch32TilingTest.param/empty_tensor_test (1 ms)
[2026-01-30 07:27:32] [ RUN      ] MatmulAllReduce/Arch32TilingTest.param/a16w8_weight_quant_nz_unsupported
[2026-01-30 07:27:32] [       OK ] MatmulAllReduce/Arch32TilingTest.param/a16w8_weight_quant_nz_unsupported (1 ms)
[2026-01-30 07:27:32] MatmulAllReduce Arch32TilingTest TearDown
[2026-01-30 07:27:32] [----------] 28 tests from MatmulAllReduce/Arch32TilingTest (105 ms total)
[2026-01-30 07:27:32] 
[2026-01-30 07:27:32] [----------] 6 tests from MatmulAllReduce/InferShapeTest
[2026-01-30 07:27:32] MatmulAllReduce InferShapeTest SetUp
[2026-01-30 07:27:32] [ RUN      ] MatmulAllReduce/InferShapeTest.param/2dim
[2026-01-30 07:27:32] [       OK ] MatmulAllReduce/InferShapeTest.param/2dim (0 ms)
[2026-01-30 07:27:32] [ RUN      ] MatmulAllReduce/InferShapeTest.param/3dim
[2026-01-30 07:27:32] [       OK ] MatmulAllReduce/InferShapeTest.param/3dim (0 ms)
[2026-01-30 07:27:32] [ RUN      ] MatmulAllReduce/InferShapeTest.param/inv[2026-01-30 07:27:33] ================================================================================
[2026-01-30 07:27:33] Coverage Report
[2026-01-30 07:27:33] ================================================================================
alid_zero_k
[2026-01-30 07:27:32] [       OK ] MatmulAllReduce/InferShapeTest.param/invalid_zero_k (0 ms)
[2026-01-30 07:27:32] [ RUN      ] MatmulAllReduce/InferShapeTest.param/3dim_quant_v4
[2026-01-30 07:27:32] [       OK ] MatmulAllReduce/InferShapeTest.param/3dim_quant_v4 (0 ms)
[2026-01-30 07:27:32] [ RUN      ] MatmulAllReduce/InferShapeTest.param/add_rms_norm
[2026-01-30 07:27:32] [       OK ] MatmulAllReduce/InferShapeTest.param/add_rms_norm (0 ms)
[2026-01-30 07:27:32] [ RUN      ] MatmulAllReduce/InferShapeTest.param/invalid_k
[2026-01-30 07:27:32] [       OK ] MatmulAllReduce/InferShapeTest.param/invalid_k (0 ms)
[2026-01-30 07:27:32] MatmulAllReduce InferShapeTest TearDown
[2026-01-30 07:27:32] [----------] 6 tests from MatmulAllReduce/InferShapeTest (1 ms total)
[2026-01-30 07:27:32] 
[2026-01-30 07:27:32] [----------] 1 test from MatmulAllReduce/InferDataTypeTest
[2026-01-30 07:27:32] MatmulAllReduce InferDataTypeTest SetUp
[2026-01-30 07:27:32] [ RUN      ] MatmulAllReduce/InferDataTypeTest.param/basic
[2026-01-30 07:27:32] [       OK ] MatmulAllReduce/InferDataTypeTest.param/basic (0 ms)
[2026-01-30 07:27:32] MatmulAllReduce InferDataTypeTest TearDown
[2026-01-30 07:27:32] [----------] 1 test from MatmulAllReduce/InferDataTypeTest (0 ms total)
[2026-01-30 07:27:32] 
[2026-01-30 07:27:32] [----------] Global test environment tear-down
[2026-01-30 07:27:32] Global Environment TearDown
[2026-01-30 07:27:32] [==========] 35 tests from 3 test suites ran. (913 ms total)
[2026-01-30 07:27:32] [  PASSED  ] 35 tests.
[2026-01-30 07:27:33] [100%] Built target transformer_op_host_ut
[2026-01-30 07:28:42] Reading tracefile /ascendc-agent/ops-transformer/build/cov_result/coverage.info
[2026-01-30 07:28:42]                                                |Lines      |Functions|Branches  
[2026-01-30 07:28:42] Filename                                       |Rate    Num|Rate  Num|Rate   Num
[2026-01-30 07:28:42] ================================================================================
[2026-01-30 07:28:42] [/ascendc-agent/ops-transformer/mc2/matmul_all_reduce/op_graph/]
[2026-01-30 07:28:42] fallback_matmul_all_reduce.cpp                 | 0.0%    98| 0.0%  11|    -    0
[2026-01-30 07:28:42] 
[2026-01-30 07:28:42] [/ascendc-agent/ops-transformer/mc2/matmul_all_reduce/op_host/]
[2026-01-30 07:28:42] matmul_all_reduce_infershape.cpp               |91.7%    72| 100%   3|    -    0
[2026-01-30 07:28:42] 
[2026-01-30 07:28:42] [/ascendc-agent/ops-transformer/mc2/matmul_all_reduce/op_host/op_tiling/]
[2026-01-30 07:28:42] all_reduce_formulaic_tiling.cpp                |76.0%   121|66.7%   9|    -    0
[2026-01-30 07:28:42] all_reduce_formulaic_tiling.h                  | 100%    21| 100%   2|    -    0
[2026-01-30 07:28:42] 
[2026-01-30 07:28:42] [/ascendc-agent/ops-transformer/mc2/matmul_all_reduce/op_host/op_tiling/arch31/]
[2026-01-30 07:28:42] matmul_all_reduce_tiling_310_general.cpp       | 0.0%    89| 0.0%   7|    -    0
[2026-01-30 07:28:42] matmul_all_reduce_tiling_310_general.h         | 0.0%     2| 0.0%   2|    -    0
[2026-01-30 07:28:42] quant_matmul_all_reduce_tiling_310_general.cpp | 0.0%    59| 0.0%  10|    -    0
[2026-01-30 07:28:42] quant_matmul_all_reduce_tiling_310_general.h   | 0.0%    55| 0.0%   6|    -    0
[2026-01-30 07:28:42] unquant_matmul_all_reduce_tiling_310.cpp       | 0.0%    79| 0.0%  10|    -    0
[2026-01-30 07:28:42] unquant_matmul_all_reduce_tiling_310.h         | 0.0%    40| 0.0%   4|    -    0
[2026-01-30 07:28:42] weight_quant_matmul_all_reduce_tiling_310p.cpp | 0.0%   109| 0.0%  11|    -    0
[2026-01-30 07:28:42] weight_quant_matmul_all_reduce_tiling_310p.h   | 0.0%    83| 0.0%   8|    -    0
[2026-01-30 07:28:42] 
[2026-01-30 07:28:42] [/ascendc-agent/ops-transformer/mc2/matmul_all_reduce/op_host/op_tiling/arch32/]
[2026-01-30 07:28:42] matmul_all_reduce_tiling_910.cpp               |92.4%   144|81.8%  22|    -    0
[2026-01-30 07:28:42] matmul_all_reduce_tiling_910.h                 | 100%     3|50.0%   2|    -    0
[2026-01-30 07:28:42] quant_matmul_all_reduce_tiling.cpp    [2026-01-30 07:28:42] ================================================================================
         |88.7%   186|84.0%  25|    -    0
[2026-01-30 07:28:42] quant_matmul_all_reduce_tiling.h               | 100%     3|50.0%   2|    -    0
[2026-01-30 07:28:42] weight_quant_matmul_all_reduce_tiling.cpp      |83.2%   149|80.0%  15|    -    0
[2026-01-30 07:28:42] weight_quant_matmul_all_reduce_tiling.h        | 100%    14|83.3%   6|    -    0
[2026-01-30 07:28:42] 
[2026-01-30 07:28:42] [/ascendc-agent/ops-transformer/mc2/matmul_all_reduce/op_host/op_tiling/arch35/]
[2026-01-30 07:28:42] matmul_all_reduce_tiling_910_95.cpp            | 0.0%   139| 0.0%  17|    -    0
[2026-01-30 07:28:42] matmul_all_reduce_tiling_910_95.h              | 0.0%     9| 0.0%   4|    -    0
[2026-01-30 07:28:42] quant_matmul_all_reduce_tiling_910_95.cpp      | 0.0%   394| 0.0%  35|    -    0
[2026-01-30 07:28:42] quant_matmul_all_reduce_tiling_910_95.h        | 0.0%     6| 0.0%   2|    -    0
[2026-01-30 07:28:42] weight_quant_matmul_al...duce_tiling_910_95.cpp| 0.0%   285| 0.0%  22|    -    0
[2026-01-30 07:28:42] weight_quant_matmul_all_reduce_tiling_910_95.h | 0.0%   116| 0.0%  12|    -    0
[2026-01-30 07:28:42] 
[2026-01-30 07:28:42] [/ascendc-agent/ops-transformer/mc2/matmul_all_reduce/op_host/op_tiling/]
[2026-01-30 07:28:42] matmul_all_reduce_tiling.cpp                   |40.0%     5|50.0%   2|    -    0
[2026-01-30 07:28:42] matmul_all_reduce_tiling_base.cpp              |70.1%   736|78.8%  52|    -    0
[2026-01-30 07:28:42] matmul_all_reduce_tiling_base.h                |20.0%    30|20.0%  10|    -    0
[2026-01-30 07:28:42] ================================================================================
[2026-01-30 07:28:42]                                          Total:|37.6%  3047|36.3% 311|    -    0
